Component: ARM Compiler 5.06 update 5 (build 528) Tool: armlink [4d35e2]

==============================================================================

Section Cross References

    main.o(i.main) refers to _printf_percent.o(.ARM.Collect$$_printf_percent$$00000000) for _printf_percent
    main.o(i.main) refers to _printf_s.o(.ARM.Collect$$_printf_percent$$00000014) for _printf_s
    main.o(i.main) refers to _printf_str.o(.text) for _printf_str
    main.o(i.main) refers to init.o(i.sys_init) for sys_init
    main.o(i.main) refers to nb.o(i.nb_connect_cloud) for nb_connect_cloud
    main.o(i.main) refers to usart.o(i.IMEI_GET) for IMEI_GET
    main.o(i.main) refers to __2printf.o(.text) for __2printf
    main.o(i.main) refers to init.o(i.get_meter_number) for get_meter_number
    main.o(i.main) refers to ip.o(i.get_ip) for get_ip
    main.o(i.main) refers to fre.o(i.get_fre) for get_fre
    main.o(i.main) refers to wdog.o(i.IWDG_Init) for IWDG_Init
    main.o(i.main) refers to timer.o(i.TIM3_Int_Init) for TIM3_Int_Init
    main.o(i.main) refers to timer.o(i.TIM2_Int_clock) for TIM2_Int_clock
    main.o(i.main) refers to usart.o(i.UART2_Print) for UART2_Print
    main.o(i.main) refers to main.o(.bss) for order_message
    main.o(i.main) refers to main.o(.data) for imei
    main.o(i.main) refers to nb.o(.data) for AT_IMEI_Q
    startup_stm32f302xc.o(STACK) refers (Special) to heapauxi.o(.text) for __use_two_region_memory
    startup_stm32f302xc.o(HEAP) refers (Special) to heapauxi.o(.text) for __use_two_region_memory
    startup_stm32f302xc.o(RESET) refers (Special) to heapauxi.o(.text) for __use_two_region_memory
    startup_stm32f302xc.o(RESET) refers to startup_stm32f302xc.o(STACK) for __initial_sp
    startup_stm32f302xc.o(RESET) refers to startup_stm32f302xc.o(.text) for Reset_Handler
    startup_stm32f302xc.o(RESET) refers to rtc.o(i.RTC_WKUP_IRQHandler) for RTC_WKUP_IRQHandler
    startup_stm32f302xc.o(RESET) refers to exit.o(i.EXTI0_IRQHandler) for EXTI0_IRQHandler
    startup_stm32f302xc.o(RESET) refers to exit.o(i.EXTI3_IRQHandler) for EXTI3_IRQHandler
    startup_stm32f302xc.o(RESET) refers to exit.o(i.EXTI4_IRQHandler) for EXTI4_IRQHandler
    startup_stm32f302xc.o(RESET) refers to timer.o(i.TIM2_IRQHandler) for TIM2_IRQHandler
    startup_stm32f302xc.o(RESET) refers to timer.o(i.TIM3_IRQHandler) for TIM3_IRQHandler
    startup_stm32f302xc.o(RESET) refers to usart.o(i.USART1_IRQHandler) for USART1_IRQHandler
    startup_stm32f302xc.o(RESET) refers to usart.o(i.USART2_IRQHandler) for USART2_IRQHandler
    startup_stm32f302xc.o(RESET) refers to usart.o(i.USART3_IRQHandler) for USART3_IRQHandler
    startup_stm32f302xc.o(RESET) refers to rtc.o(i.RTC_Alarm_IRQHandler) for RTC_Alarm_IRQHandler
    startup_stm32f302xc.o(.text) refers (Special) to heapauxi.o(.text) for __use_two_region_memory
    startup_stm32f302xc.o(.text) refers to system_stm32f30x.o(i.SystemInit) for SystemInit
    startup_stm32f302xc.o(.text) refers to __main.o(!!!main) for __main
    startup_stm32f302xc.o(.text) refers to startup_stm32f302xc.o(HEAP) for Heap_Mem
    startup_stm32f302xc.o(.text) refers to startup_stm32f302xc.o(STACK) for Stack_Mem
    system_stm32f30x.o(i.SystemCoreClockUpdate) refers to system_stm32f30x.o(.data) for SystemCoreClock
    system_stm32f30x.o(i.SystemInit) refers to system_stm32f30x.o(i.SetSysClock) for SetSysClock
    delay.o(i.delay_init) refers to misc.o(i.SysTick_CLKSourceConfig) for SysTick_CLKSourceConfig
    delay.o(i.delay_init) refers to delay.o(.data) for fac_us
    delay.o(i.delay_ms) refers to delay.o(i.delay_xms) for delay_xms
    delay.o(i.delay_us) refers to delay.o(.data) for fac_us
    delay.o(i.delay_xms) refers to delay.o(.data) for fac_ms
    usart.o(.rev16_text) refers (Special) to use_no_semi_2.o(.text) for __use_no_semihosting
    usart.o(.revsh_text) refers (Special) to use_no_semi_2.o(.text) for __use_no_semihosting
    usart.o(i.IMEI_GET) refers (Special) to use_no_semi_2.o(.text) for __use_no_semihosting
    usart.o(i.IMEI_GET) refers to _printf_percent.o(.ARM.Collect$$_printf_percent$$00000000) for _printf_percent
    usart.o(i.IMEI_GET) refers to _printf_d.o(.ARM.Collect$$_printf_percent$$00000009) for _printf_d
    usart.o(i.IMEI_GET) refers to _printf_s.o(.ARM.Collect$$_printf_percent$$00000014) for _printf_s
    usart.o(i.IMEI_GET) refers to _printf_dec.o(.text) for _printf_int_dec
    usart.o(i.IMEI_GET) refers to _printf_str.o(.text) for _printf_str
    usart.o(i.IMEI_GET) refers to strlen.o(.text) for strlen
    usart.o(i.IMEI_GET) refers to rt_memclr.o(.text) for __aeabi_memclr
    usart.o(i.IMEI_GET) refers to usart.o(i.USART2_Write) for USART2_Write
    usart.o(i.IMEI_GET) refers to delay.o(i.delay_ms) for delay_ms
    usart.o(i.IMEI_GET) refers to __2printf.o(.text) for __2printf
    usart.o(i.IMEI_GET) refers to strstr.o(.text) for strstr
    usart.o(i.IMEI_GET) refers to usart.o(.bss) for USART2_RX_BUF
[...]
    __arm_preinit_                            - Undefined Weak Reference
    __cpp_initialize__aeabi_                  - Undefined Weak Reference
    __cxa_finalize                            - Undefined Weak Reference
    __sigvec_lookup                           - Undefined Weak Reference
    _atexit_init                              - Undefined Weak Reference
    _call_atexit_fns                          - Undefined Weak Reference
    _clock_init                               - Undefined Weak Reference
    _fp_trap_init                             - Undefined Weak Reference
    _fp_trap_shutdown                         - Undefined Weak Reference
    _get_lc_collate                           - Undefined Weak Reference
    _get_lc_monetary                          - Undefined Weak Reference
    _get_lc_time                              - Undefined Weak Reference
    _getenv_init                              - Undefined Weak Reference
    _handle_redirection                       - Undefined Weak Reference
    _init_alloc                               - Undefined Weak Reference
    _init_user_alloc                          - Undefined Weak Reference
    _initio                                   - Undefined Weak Reference
    _mutex_acquire                            - Undefined Weak Reference
    _mutex_release                            - Undefined Weak Reference
    _printf_fp_hex                            - Undefined Weak Reference
    _printf_mbtowc                            - Undefined Weak Reference
    _printf_wc                                - Undefined Weak Reference
    _rand_init                                - Undefined Weak Reference
    _signal_finish                            - Undefined Weak Reference
    _signal_init                              - Undefined Weak Reference
    _terminate_alloc                          - Undefined Weak Reference
    _terminate_user_alloc                     - Undefined Weak Reference
    _terminateio                              - Undefined Weak Reference
    __Vectors_Size                           0x00000188   Number         0  startup_stm32f302xc.o ABSOLUTE
    __Vectors                                0x08000000   Data           4  startup_stm32f302xc.o(RESET)
    __Vectors_End                            0x08000188   Data           0  startup_stm32f302xc.o(RESET)
    __main                                   0x08000189   Thumb Code     8  __main.o(!!!main)
    __scatterload                            0x08000191   Thumb Code     0  __scatter.o(!!!scatter)
    __scatterload_rt2                        0x08000191   Thumb Code    44  __scatter.o(!!!scatter)
    __scatterload_rt2_thumb_only             0x08000191   Thumb Code     0  __scatter.o(!!!scatter)
    __scatterload_null                       0x0800019f   Thumb Code     0  __scatter.o(!!!scatter)
    __decompress                             0x080001c5   Thumb Code    90  __dczerorl2.o(!!dczerorl2)
    __decompress1                            0x080001c5   Thumb Code     0  __dczerorl2.o(!!dczerorl2)
    __scatterload_zeroinit                   0x08000221   Thumb Code    28  __scatter_zi.o(!!handler_zi)
    _printf_n                                0x0800023d   Thumb Code     0  _printf_n.o(.ARM.Collect$$_printf_percent$$00000001)
    _printf_percent                          0x0800023d   Thumb Code     0  _printf_percent.o(.ARM.Collect$$_printf_percent$$00000000)
    _printf_p                                0x08000243   Thumb Code     0  _printf_p.o(.ARM.Collect$$_printf_percent$$00000002)
    _printf_f                                0x08000249   Thumb Code     0  _printf_f.o(.ARM.Collect$$_printf_percent$$00000003)
    _printf_e                                0x0800024f   Thumb Code     0  _printf_e.o(.ARM.Collect$$_printf_percent$$00000004)
    _printf_g                                0x08000255   Thumb Code     0  _printf_g.o(.ARM.Collect$$_printf_percent$$00000005)
    _printf_a                                0x0800025b   Thumb Code     0  _printf_a.o(.ARM.Collect$$_printf_percent$$00000006)
    _printf_ll                               0x08000261   Thumb Code     0  _printf_ll.o(.ARM.Collect$$_printf_percent$$00000007)
    _printf_i                                0x0800026b   Thumb Code     0  _printf_i.o(.ARM.Collect$$_printf_percent$$00000008)
    _printf_d                                0x08000271   Thumb Code     0  _printf_d.o(.ARM.Collect$$_printf_percent$$00000009)
    _printf_u                                0x08000277   Thumb Code     0  _printf_u.o(.ARM.Collect$$_printf_percent$$0000000A)
    _printf_o                                0x0800027d   Thumb Code     0  _printf_o.o(.ARM.Collect$$_printf_percent$$0000000B)
    _printf_x                                0x08000283   Thumb Code     0  _printf_x.o(.ARM.Collect$$_printf_percent$$0000000C)
    _printf_lli                              0x08000289   Thumb Code     0  _printf_lli.o(.ARM.Collect$$_printf_percent$$0000000D)
    _printf_lld                              0x0800028f   Thumb Code     0  _printf_lld.o(.ARM.Collect$$_printf_percent$$0000000E)
    _printf_llu                              0x08000295   Thumb Code     0  _printf_llu.o(.ARM.Collect$$_printf_percent$$0000000F)
    _printf_llo                              0x0800029b   Thumb Code     0  _printf_llo.o(.ARM.Collect$$_printf_percent$$00000010)
    _printf_llx                              0x080002a1   Thumb Code     0  _printf_llx.o(.ARM.Collect$$_printf_percent$$00000011)
    _printf_l                                0x080002a7   Thumb Code     0  _printf_l.o(.ARM.Collect$$_printf_percent$$00000012)
    _printf_c                                0x080002b1   Thumb Code     0  _printf_c.o(.ARM.Collect$$_printf_percent$$00000013)
    _printf_s                                0x080002b7   Thumb Code     0  _printf_s.o(.ARM.Collect$$_printf_percent$$00000014)
    _printf_lc                               0x080002bd   Thumb Code     0  _printf_lc.o(.ARM.Collect$$_printf_percent$$00000015)
    _printf_ls                               0x080002c3   Thumb Code     0  _printf_ls.o(.ARM.Collect$$_printf_percent$$00000016)
    _printf_percent_end                      0x080002c9   Thumb Code     0  _printf_percent_end.o(.ARM.Collect$$_printf_percent$$00000017)
    __rt_lib_init                            0x080002cd   Thumb Code     0  libinit.o(.ARM.Collect$$libinit$$00000000)
    __rt_lib_init_fp_1                       0x080002cf   Thumb Code     0  libinit2.o(.ARM.Collect$$libinit$$00000001)
    __rt_lib_init_heap_1                     0x080002d3   Thumb Code     0  libinit2.o(.ARM.Collect$$libinit$$0000000A)
    __rt_lib_init_lc_common                  0x080002d3   Thumb Code     0  libinit2.o(.ARM.Collect$$libinit$$0000000F)
    __rt_lib_init_preinit_1                  0x080002d3   Thumb Code     0  libinit2.o(.ARM.Collect$$libinit$$00000004)
    __rt_lib_init_rand_1                     0x080002d3   Thumb Code     0  libinit2.o(.ARM.Collect$$libinit$$0000000E)
    __rt_lib_init_user_alloc_1               0x080002d3   Thumb Code     0  libinit2.o(.ARM.Collect$$libinit$$0000000C)
    __rt_lib_init_lc_collate_1               0x080002d9   Thumb Code     0  libinit2.o(.ARM.Collect$$libinit$$00000011)
    __rt_lib_init_lc_ctype_2                 0x080002d9   Thumb Code     0  libinit2.o(.ARM.Collect$$libinit$$00000012)
    __rt_lib_init_lc_ctype_1                 0x080002e5   Thumb Code     0  libinit2.o(.ARM.Collect$$libinit$$00000013)
    __rt_lib_init_lc_monetary_1              0x080002e5   Thumb Code     0  libinit2.o(.ARM.Collect$$libinit$$00000015)
    __rt_lib_init_lc_numeric_2               0x080002e5   Thumb Code     0  libinit2.o(.ARM.Collect$$libinit$$00000016)
    __rt_lib_init_alloca_1                   0x080002ef   Thumb Code     0  libinit2.o(.ARM.Collect$$libinit$$0000002E)
    __rt_lib_init_argv_1                     0x080002ef   Thumb Code     0  libinit2.o(.ARM.Collect$$libinit$$0000002C)
    __rt_lib_init_atexit_1                   0x080002ef   Thumb Code     0  libinit2.o(.ARM.Collect$$libinit$$0000001B)
    __rt_lib_init_clock_1                    0x080002ef   Thumb Code     0  libinit2.o(.ARM.Collect$$libinit$$00000021)
    __rt_lib_init_cpp_1                      0x080002ef   Thumb Code     0  libinit2.o(.ARM.Collect$$libinit$$00000032)
    __rt_lib_init_exceptions_1               0x080002ef   Thumb Code     0  libinit2.o(.ARM.Collect$$libinit$$00000030)
    __rt_lib_init_fp_trap_1                  0x080002ef   Thumb Code     0  libinit2.o(.ARM.Collect$$libinit$$0000001F)
    __rt_lib_init_getenv_1                   0x080002ef   Thumb Code     0  libinit2.o(.ARM.Collect$$libinit$$00000023)
    __rt_lib_init_lc_numeric_1               0x080002ef   Thumb Code     0  libinit2.o(.ARM.Collect$$libinit$$00000017)
    __rt_lib_init_lc_time_1                  0x080002ef   Thumb Code     0  libinit2.o(.ARM.Collect$$libinit$$00000019)
    __rt_lib_init_return                     0x080002ef   Thumb Code     0  libinit2.o(.ARM.Collect$$libinit$$00000033)
    __rt_lib_init_signal_1                   0x080002ef   Thumb Code     0  libinit2.o(.ARM.Collect$$libinit$$0000001D)
    __rt_lib_init_stdio_1                    0x080002ef   Thumb Code     0  libinit2.o(.ARM.Collect$$libinit$$00000025)
    __rt_lib_shutdown                        0x080002f1   Thumb Code     0  libshutdown.o(.ARM.Collect$$libshutdown$$00000000)
    __rt_lib_shutdown_cpp_1                  0x080002f3   Thumb Code     0  libshutdown2.o(.ARM.Collect$$libshutdown$$00000002)
    __rt_lib_shutdown_fp_trap_1              0x080002f3   Thumb Code     0  libshutdown2.o(.ARM.Collect$$libshutdown$$00000007)
    __rt_lib_shutdown_heap_1                 0x080002f3   Thumb Code     0  libshutdown2.o(.ARM.Collect$$libshutdown$$0000000F)
    __rt_lib_shutdown_return                 0x080002f3   Thumb Code     0  libshutdown2.o(.ARM.Collect$$libshutdown$$00000010)
    __rt_lib_shutdown_signal_1               0x080002f3   Thumb Code     0  libshutdown2.o(.ARM.Collect$$libshutdown$$0000000A)
    __rt_lib_shutdown_stdio_1                0x080002f3   Thumb Code     0  libshutdown2.o(.ARM.Collect$$libshutdown$$00000004)
    __rt_lib_shutdown_user_alloc_1           0x080002f3   Thumb Code     0  libshutdown2.o(.ARM.Collect$$libshutdown$$0000000C)
    __rt_entry                               0x080002f5   Thumb Code     0  __rtentry.o(.ARM.Collect$$rtentry$$00000000)
    __rt_entry_presh_1                       0x080002f5   Thumb Code     0  __rtentry2.o(.ARM.Collect$$rtentry$$00000002)
    __rt_entry_sh                            0x080002f5   Thumb Code     0  __rtentry4.o(.ARM.Collect$$rtentry$$00000004)
    __rt_entry_li                            0x080002fb   Thumb Code     0  __rtentry2.o(.ARM.Collect$$rtentry$$0000000A)
    __rt_entry_postsh_1                      0x080002fb   Thumb Code     0  __rtentry2.o(.ARM.Collect$$rtentry$$00000009)
    __rt_entry_main                          0x080002ff   Thumb Code     0  __rtentry2.o(.ARM.Collect$$rtentry$$0000000D)
    __rt_entry_postli_1                      0x080002ff   Thumb Code     0  __rtentry2.o(.ARM.Collect$$rtentry$$0000000C)
    __rt_exit                                0x08000307   Thumb Code     0  rtexit.o(.ARM.Collect$$rtexit$$00000000)
    __rt_exit_ls                             0x08000309   Thumb Code     0  rtexit2.o(.ARM.Collect$$rtexit$$00000003)
    __rt_exit_prels_1                        0x08000309   Thumb Code     0  rtexit2.o(.ARM.Collect$$rtexit$$00000002)
    __rt_exit_exit                           0x0800030d   Thumb Code     0  rtexit2.o(.ARM.Collect$$rtexit$$00000004)
    Reset_Handler                            0x08000315   Thumb Code     8  startup_stm32f302xc.o(.text)
    NMI_Handler                              0x0800031d   Thumb Code     2  startup_stm32f302xc.o(.text)
    HardFault_Handler                        0x0800031f   Thumb Code     2  startup_stm32f302xc.o(.text)
    MemManage_Handler                        0x08000321   Thumb Code     2  startup_stm32f302xc.o(.text)
    BusFault_Handler                         0x08000323   Thumb Code     2  startup_stm32f302xc.o(.text)
    UsageFault_Handler                       0x08000325   Thumb Code     2  startup_stm32f302xc.o(.text)
    SVC_Handler                              0x08000327   Thumb Code     2  startup_stm32f302xc.o(.text)
    DebugMon_Handler                         0x08000329   Thumb Code     2  startup_stm32f302xc.o(.text)
    PendSV_Handler                           0x0800032b   Thumb Code     2  startup_stm32f302xc.o(.text)
    SysTick_Handler                          0x0800032d   Thumb Code     2  startup_stm32f302xc.o(.text)
    ADC1_2_IRQHandler                        0x0800032f   Thumb Code     0  startup_stm32f302xc.o(.text)
    CAN_RX1_IRQHandler                       0x0800032f   Thumb Code     0  startup_stm32f302xc.o(.text)
    CAN_SCE_IRQHandler                       0x0800032f   Thumb Code     0  startup_stm32f302xc.o(.text)
    COMP1_2_IRQHandler                       0x0800032f   Thumb Code     0  startup_stm32f302xc.o(.text)
    COMP4_6_IRQHandler                       0x0800032f   Thumb Code     0  startup_stm32f302xc.o(.text)
    DMA1_Channel1_IRQHandler                 0x0800032f   Thumb Code     0  startup_stm32f302xc.o(.text)
    DMA1_Channel2_IRQHandler                 0x0800032f   Thumb Code     0  startup_stm32f302xc.o(.text)
    DMA1_Channel3_IRQHandler                 0x0800032f   Thumb Code     0  startup_stm32f302xc.o(.text)
    DMA1_Channel4_IRQHandler                 0x0800032f   Thumb Code     0  startup_stm32f302xc.o(.text)
    DMA1_Channel5_IRQHandler                 0x0800032f   Thumb Code     0  startup_stm32f302xc.o(.text)
    DMA1_Channel6_IRQHandler                 0x0800032f   Thumb Code     0  startup_stm32f302xc.o(.text)
    DMA1_Channel7_IRQHandler                 0x0800032f   Thumb Code     0  startup_stm32f302xc.o(.text)
    DMA2_Channel1_IRQHandler                 0x0800032f   Thumb Code     0  startup_stm32f302xc.o(.text)
    DMA2_Channel2_IRQHandler                 0x0800032f   Thumb Code     0  startup_stm32f302xc.o(.text)
    DMA2_Channel3_IRQHandler                 0x0800032f   Thumb Code     0  startup_stm32f302xc.o(.text)
    DMA2_Channel4_IRQHandler                 0x0800032f   Thumb Code     0  startup_stm32f302xc.o(.text)
    DMA2_Channel5_IRQHandler                 0x0800032f   Thumb Code     0  startup_stm32f302xc.o(.text)
    EXTI15_10_IRQHandler                     0x0800032f   Thumb Code     0  startup_stm32f302xc.o(.text)
    EXTI1_IRQHandler                         0x0800032f   Thumb Code     0  startup_stm32f302xc.o(.text)
    EXTI2_TSC_IRQHandler                     0x0800032f   Thumb Code     0  startup_stm32f302xc.o(.text)
    EXTI9_5_IRQHandler                       0x0800032f   Thumb Code     0  startup_stm32f302xc.o(.text)
    FLASH_IRQHandler                         0x0800032f   Thumb Code     0  startup_stm32f302xc.o(.text)
    FPU_IRQHandler                           0x0800032f   Thumb Code     0  startup_stm32f302xc.o(.text)
    I2C1_ER_IRQHandler                       0x0800032f   Thumb Code     0  startup_stm32f302xc.o(.text)
    I2C1_EV_IRQHandler                       0x0800032f   Thumb Code     0  startup_stm32f302xc.o(.text)
    I2C2_ER_IRQHandler                       0x0800032f   Thumb Code     0  startup_stm32f302xc.o(.text)
    I2C2_EV_IRQHandler                       0x0800032f   Thumb Code     0  startup_stm32f302xc.o(.text)
    PVD_IRQHandler                           0x0800032f   Thumb Code     0  startup_stm32f302xc.o(.text)
    RCC_IRQHandler                           0x0800032f   Thumb Code     0  startup_stm32f302xc.o(.text)
    SPI1_IRQHandler                          0x0800032f   Thumb Code     0  startup_stm32f302xc.o(.text)
    SPI2_IRQHandler                          0x0800032f   Thumb Code     0  startup_stm32f302xc.o(.text)
    SPI3_IRQHandler                          0x0800032f   Thumb Code     0  startup_stm32f302xc.o(.text)
    TAMP_STAMP_IRQHandler                    0x0800032f   Thumb Code     0  startup_stm32f302xc.o(.text)
    TIM1_BRK_TIM15_IRQHandler                0x0800032f   Thumb Code     0  startup_stm32f302xc.o(.text)
    TIM1_CC_IRQHandler                       0x0800032f   Thumb Code     0  startup_stm32f302xc.o(.text)
    TIM1_TRG_COM_TIM17_IRQHandler            0x0800032f   Thumb Code     0  startup_stm32f302xc.o(.text)
    TIM1_UP_TIM16_IRQHandler                 0x0800032f   Thumb Code     0  startup_stm32f302xc.o(.text)
    TIM4_IRQHandler                          0x0800032f   Thumb Code     0  startup_stm32f302xc.o(.text)
    TIM6_DAC_IRQHandler                      0x0800032f   Thumb Code     0  startup_stm32f302xc.o(.text)
    UART4_IRQHandler                         0x0800032f   Thumb Code     0  startup_stm32f302xc.o(.text)
    UART5_IRQHandler                         0x0800032f   Thumb Code     0  startup_stm32f302xc.o(.text)
    USBWakeUp_IRQHandler                     0x0800032f   Thumb Code     0  startup_stm32f302xc.o(.text)
    USBWakeUp_RMP_IRQHandler                 0x0800032f   Thumb Code     0  startup_stm32f302xc.o(.text)
    USB_HP_CAN_TX_IRQHandler                 0x0800032f   Thumb Code     0  startup_stm32f302xc.o(.text)
    USB_HP_IRQHandler                        0x0800032f   Thumb Code     0  startup_stm32f302xc.o(.text)
    USB_LP_CAN_RX0_IRQHandler                0x0800032f   Thumb Code     0  startup_stm32f302xc.o(.text)
    USB_LP_IRQHandler                        0x0800032f   Thumb Code     0  startup_stm32f302xc.o(.text)
    WWDG_IRQHandler                          0x0800032f   Thumb Code     0  startup_stm32f302xc.o(.text)
    __user_initial_stackheap                 0x08000331   Thumb Code     0  startup_stm32f302xc.o(.text)
    __use_no_semihosting                     0x08000355   Thumb Code     2  use_no_semi_2.o(.text)
    __c89printf                              0x08000359   Thumb Code    20  c89printf.o(.text)
    __2printf                                0x08000371   Thumb Code    20  __2printf.o(.text)
    _printf_str                              0x08000389   Thumb Code    82  _printf_str.o(.text)
    _printf_int_dec                          0x080003dd   Thumb Code   104  _printf_dec.o(.text)
    __printf                                 0x08000455   Thumb Code   388  __printf_flags_ss_wp.o(.text)
    strstr                                   0x080005dd   Thumb Code    36  strstr.o(.text)
    strlen                                   0x08000601   Thumb Code    62  strlen.o(.text)
    __aeabi_memclr                           0x0800063f   Thumb Code     0  rt_memclr.o(.text)
    __rt_memclr                              0x0800063f   Thumb Code    68  rt_memclr.o(.text)
    _memset                                  0x08000643   Thumb Code     0  rt_memclr.o(.text)
    __aeabi_memclr4                          0x08000683   Thumb Code     0  rt_memclr_w.o(.text)
    __aeabi_memclr8                          0x08000683   Thumb Code     0  rt_memclr_w.o(.text)
    __rt_memclr_w                            0x08000683   Thumb Code    78  rt_memclr_w.o(.text)
    _memset_w                                0x08000687   Thumb Code     0  rt_memclr_w.o(.text)
    __use_two_region_memory                  0x080006d1   Thumb Code     2  heapauxi.o(.text)
    __rt_heap_escrow$2region                 0x080006d3   Thumb Code     2  heapauxi.o(.text)
    __rt_heap_expand$2region                 0x080006d5   Thumb Code     2  heapauxi.o(.text)
    __I$use$semihosting                      0x080006d7   Thumb Code     0  use_no_semi.o(.text)
    __use_no_semihosting_swi                 0x080006d7   Thumb Code     2  use_no_semi.o(.text)
    _printf_pre_padding                      0x080006d9   Thumb Code    44  _printf_pad.o(.text)
    _printf_post_padding                     0x08000705   Thumb Code    34  _printf_pad.o(.text)
    _printf_truncate_signed                  0x08000727   Thumb Code    18  _printf_truncate.o(.text)
    _printf_truncate_unsigned                0x08000739   Thumb Code    18  _printf_truncate.o(.text)
    _printf_int_common                       0x0800074b   Thumb Code   178  _printf_intcommon.o(.text)
    _printf_charcount                        0x080007fd   Thumb Code    40  _printf_charcount.o(.text)
    _printf_cs_common                        0x08000825   Thumb Code    20  _printf_char.o(.text)
    _printf_char                             0x08000839   Thumb Code    16  _printf_char.o(.text)
    _printf_string                           0x08000849   Thumb Code     8  _printf_char.o(.text)
    _printf_char_file                        0x08000851   Thumb Code    32  _printf_char_file.o(.text)
    _printf_wctomb                           0x08000875   Thumb Code   182  _printf_wctomb.o(.text)
    _printf_longlong_dec                     0x08000931   Thumb Code   108  _printf_longlong_dec.o(.text)
    _printf_longlong_oct                     0x080009ad   Thumb Code    66  _printf_oct_int_ll.o(.text)
    _printf_int_oct                          0x080009ef   Thumb Code    24  _printf_oct_int_ll.o(.text)
    _printf_ll_oct                           0x08000a07   Thumb Code    12  _printf_oct_int_ll.o(.text)
    _printf_longlong_hex                     0x08000a1d   Thumb Code    86  _printf_hex_int_ll_ptr.o(.text)
    _printf_int_hex                          0x08000a73   Thumb Code    28  _printf_hex_int_ll_ptr.o(.text)
    _printf_ll_hex                           0x08000a8f   Thumb Code    12  _printf_hex_int_ll_ptr.o(.text)
    _printf_hex_ptr                          0x08000a9b   Thumb Code    18  _printf_hex_int_ll_ptr.o(.text)
    _ll_udiv10                               0x08000ab1   Thumb Code   138  lludiv10.o(.text)
    __lib_sel_fp_printf                      0x08000b3b   Thumb Code     2  _printf_fp_dec.o(.text)
    _printf_fp_dec_real                      0x08000ced   Thumb Code   620  _printf_fp_dec.o(.text)
    _printf_char_common                      0x08000f63   Thumb Code    32  _printf_char_common.o(.text)
    _printf_lcs_common                       0x08000f89   Thumb Code    20  _printf_wchar.o(.text)
    _printf_wchar                            0x08000f9d   Thumb Code    16  _printf_wchar.o(.text)
    _printf_wstring                          0x08000fad   Thumb Code     8  _printf_wchar.o(.text)
    ferror                                   0x08000fb5   Thumb Code     8  ferror.o(.text)
    _wcrtomb                                 0x08000fbd   Thumb Code    64  _wcrtomb.o(.text)
    __user_setup_stackheap                   0x08000ffd   Thumb Code    74  sys_stackheap_outer.o(.text)
    __rt_ctype_table                         0x08001049   Thumb Code    16  rt_ctype_table.o(.text)
    __rt_locale                              0x08001059   Thumb Code     8  rt_locale_intlibspace.o(.text)
    _printf_fp_infnan                        0x08001061   Thumb Code   112  _printf_fp_infnan.o(.text)
    _btod_etento                             0x080010e1   Thumb Code   224  bigflt0.o(.text)
    exit                                     0x080011c5   Thumb Code    18  exit.o(.text)
    __user_libspace                          0x080011d9   Thumb Code     8  libspace.o(.text)
    __user_perproc_libspace                  0x080011d9   Thumb Code     0  libspace.o(.text)
    __user_perthread_libspace                0x080011d9   Thumb Code     0  libspace.o(.text)
    strcmp                                   0x080011e1   Thumb Code   128  strcmpv7m.o(.text)
    _btod_d2e                                0x08001261   Thumb Code    62  btod.o(CL$$btod_d2e)
    _d2e_denorm_low                          0x0800129f   Thumb Code    70  btod.o(CL$$btod_d2e_denorm_low)
    _d2e_norm_op1                            0x080012e5   Thumb Code    96  btod.o(CL$$btod_d2e_norm_op1)
    __btod_div_common                        0x08001345   Thumb Code   696  btod.o(CL$$btod_div_common)
    _e2e                                     0x0800167d   Thumb Code   220  btod.o(CL$$btod_e2e)
    _btod_ediv                               0x08001759   Thumb Code    42  btod.o(CL$$btod_ediv)
    _btod_emul                               0x08001783   Thumb Code    42  btod.o(CL$$btod_emul)
    __btod_mult_common                       0x080017ad   Thumb Code   580  btod.o(CL$$btod_mult_common)
    ADC_Cmd                                  0x080019f1   Thumb Code    22  stm32f30x_adc.o(i.ADC_Cmd)
    ADC_CommonInit                           0x08001a09   Thumb Code    82  stm32f30x_adc.o(i.ADC_CommonInit)
    ADC_GetConversionValue                   0x08001a6d   Thumb Code     8  stm32f30x_adc.o(i.ADC_GetConversionValue)
    ADC_GetFlagStatus                        0x08001a75   Thumb Code    18  stm32f30x_adc.o(i.ADC_GetFlagStatus)
    ADC_Init                                 0x08001a89   Thumb Code    58  stm32f30x_adc.o(i.ADC_Init)
    ADC_RegularChannelConfig                 0x08001ac9   Thumb Code   250  stm32f30x_adc.o(i.ADC_RegularChannelConfig)
    ADC_StartConversion                      0x08001bc3   Thumb Code    10  stm32f30x_adc.o(i.ADC_StartConversion)
    Adc_Init                                 0x08001bcd   Thumb Code   130  adc.o(i.Adc_Init)
    EXTI0_IRQHandler                         0x08001c4f   Thumb Code    26  exit.o(i.EXTI0_IRQHandler)
    EXTI3_IRQHandler                         0x08001c69   Thumb Code    24  exit.o(i.EXTI3_IRQHandler)
    EXTI4_IRQHandler                         0x08001c85   Thumb Code    24  exit.o(i.EXTI4_IRQHandler)
    EXTI_ClearITPendingBit                   0x08001ca1   Thumb Code    22  stm32f30x_exti.o(i.EXTI_ClearITPendingBit)
    FLASH_ErasePage                          0x08001cbd   Thumb Code    70  stm32f30x_flash.o(i.FLASH_ErasePage)
    FLASH_GetStatus                          0x08001d09   Thumb Code    48  stm32f30x_flash.o(i.FLASH_GetStatus)
    FLASH_Lock                               0x08001d3d   Thumb Code    14  stm32f30x_flash.o(i.FLASH_Lock)
    FLASH_ProgramHalfWord                    0x08001d51   Thumb Code    62  stm32f30x_flash.o(i.FLASH_ProgramHalfWord)
    FLASH_Unlock                             0x08001d95   Thumb Code    22  stm32f30x_flash.o(i.FLASH_Unlock)
    FLASH_WaitForLastOperation               0x08001db9   Thumb Code    38  stm32f30x_flash.o(i.FLASH_WaitForLastOperation)
    GPIO_Init                                0x08001ddf   Thumb Code   150  stm32f30x_gpio.o(i.GPIO_Init)
    GPIO_PinAFConfig                         0x08001e75   Thumb Code    70  stm32f30x_gpio.o(i.GPIO_PinAFConfig)
    GPIO_ReadInputDataBit                    0x08001ebb   Thumb Code    18  stm32f30x_gpio.o(i.GPIO_ReadInputDataBit)
    GPIO_SetBits                             0x08001ecd   Thumb Code     4  stm32f30x_gpio.o(i.GPIO_SetBits)
    GPIO_WriteBit                            0x08001ed1   Thumb Code    10  stm32f30x_gpio.o(i.GPIO_WriteBit)
    Get_Adc                                  0x08001edb   Thumb Code    52  adc.o(i.Get_Adc)
    Get_Adc_Average                          0x08001f0f   Thumb Code    46  adc.o(i.Get_Adc_Average)
    IMEI_GET                                 0x08001f3d   Thumb Code   150  usart.o(i.IMEI_GET)
    IWDG_Enable                              0x08002005   Thumb Code    10  stm32f30x_iwdg.o(i.IWDG_Enable)
    IWDG_Feed                                0x08002015   Thumb Code     8  wdog.o(i.IWDG_Feed)
    IWDG_Init                                0x0800201d   Thumb Code    36  wdog.o(i.IWDG_Init)
    IWDG_ReloadCounter                       0x08002041   Thumb Code    10  stm32f30x_iwdg.o(i.IWDG_ReloadCounter)
    IWDG_SetPrescaler                        0x08002051   Thumb Code     6  stm32f30x_iwdg.o(i.IWDG_SetPrescaler)
    IWDG_SetReload                           0x0800205d   Thumb Code     6  stm32f30x_iwdg.o(i.IWDG_SetReload)
    IWDG_WriteAccessCmd                      0x08002069   Thumb Code     6  stm32f30x_iwdg.o(i.IWDG_WriteAccessCmd)
    LED_Init                                 0x08002075   Thumb Code   166  led.o(i.LED_Init)
    LED_Set                                  0x08002121   Thumb Code    18  led.o(i.LED_Set)
    My_RTC_Init                              0x08002139   Thumb Code   138  rtc.o(i.My_RTC_Init)
    NVIC_Init                                0x080021c5   Thumb Code   100  misc.o(i.NVIC_Init)
    NVIC_PriorityGroupConfig                 0x08002235   Thumb Code    10  misc.o(i.NVIC_PriorityGroupConfig)
    PWR_BackupAccessCmd                      0x08002249   Thumb Code     6  stm32f30x_pwr.o(i.PWR_BackupAccessCmd)
    RCC_AHBPeriphClockCmd                    0x08002255   Thumb Code    26  stm32f30x_rcc.o(i.RCC_AHBPeriphClockCmd)
    RCC_AHBPeriphResetCmd                    0x08002275   Thumb Code    26  stm32f30x_rcc.o(i.RCC_AHBPeriphResetCmd)
    RCC_APB1PeriphClockCmd                   0x08002295   Thumb Code    26  stm32f30x_rcc.o(i.RCC_APB1PeriphClockCmd)
    RCC_APB2PeriphClockCmd                   0x080022b5   Thumb Code    26  stm32f30x_rcc.o(i.RCC_APB2PeriphClockCmd)
    RCC_GetClocksFreq                        0x080022d5   Thumb Code  1316  stm32f30x_rcc.o(i.RCC_GetClocksFreq)
    RCC_GetFlagStatus                        0x0800280d   Thumb Code    64  stm32f30x_rcc.o(i.RCC_GetFlagStatus)
    RCC_LSEConfig                            0x08002851   Thumb Code    32  stm32f30x_rcc.o(i.RCC_LSEConfig)
    RCC_RTCCLKCmd                            0x08002875   Thumb Code     6  stm32f30x_rcc.o(i.RCC_RTCCLKCmd)
    RCC_RTCCLKConfig                         0x08002881   Thumb Code    12  stm32f30x_rcc.o(i.RCC_RTCCLKConfig)
    RS485_Set                                0x08002891   Thumb Code    26  led.o(i.RS485_Set)
    RTC_Alarm_IRQHandler                     0x080028ad   Thumb Code    34  rtc.o(i.RTC_Alarm_IRQHandler)
    RTC_ClearFlag                            0x08002911   Thumb Code    26  stm32f30x_rtc.o(i.RTC_ClearFlag)
    RTC_EnterInitMode                        0x08002931   Thumb Code    76  stm32f30x_rtc.o(i.RTC_EnterInitMode)
    RTC_ExitInitMode                         0x08002981   Thumb Code    14  stm32f30x_rtc.o(i.RTC_ExitInitMode)
    RTC_GetDate                              0x08002995   Thumb Code    72  stm32f30x_rtc.o(i.RTC_GetDate)
    RTC_GetFlagStatus                        0x080029e5   Thumb Code    32  stm32f30x_rtc.o(i.RTC_GetFlagStatus)
    RTC_GetTime                              0x08002a0d   Thumb Code    72  stm32f30x_rtc.o(i.RTC_GetTime)
    RTC_Init                                 0x08002a5d   Thumb Code    94  stm32f30x_rtc.o(i.RTC_Init)
    RTC_ReadBackupRegister                   0x08002ac1   Thumb Code    26  stm32f30x_rtc.o(i.RTC_ReadBackupRegister)
    RTC_SetDate                              0x08002ae1   Thumb Code   190  stm32f30x_rtc.o(i.RTC_SetDate)
    RTC_SetTime                              0x08002ba9   Thumb Code   198  stm32f30x_rtc.o(i.RTC_SetTime)
    RTC_Set_Date                             0x08002c79   Thumb Code    36  rtc.o(i.RTC_Set_Date)
    RTC_Set_Time                             0x08002c9d   Thumb Code    36  rtc.o(i.RTC_Set_Time)
    RTC_WKUP_IRQHandler                      0x08002cc1   Thumb Code    28  rtc.o(i.RTC_WKUP_IRQHandler)
    RTC_WaitForSynchro                       0x08002cdd   Thumb Code   110  stm32f30x_rtc.o(i.RTC_WaitForSynchro)
    RTC_WriteBackupRegister                  0x08002d51   Thumb Code    24  stm32f30x_rtc.o(i.RTC_WriteBackupRegister)
    STMFLASH_Read                            0x08002d6d   Thumb Code    44  flash.o(i.STMFLASH_Read)
    STMFLASH_ReadHalfWord                    0x08002d99   Thumb Code     6  flash.o(i.STMFLASH_ReadHalfWord)
    STMFLASH_Write                           0x08002da1   Thumb Code   260  flash.o(i.STMFLASH_Write)
    STMFLASH_Write_NoCheck                   0x08002eb5   Thumb Code    38  flash.o(i.STMFLASH_Write_NoCheck)
    Send_MQ                                  0x08002edd   Thumb Code   132  usart.o(i.Send_MQ)
    SysTick_CLKSourceConfig                  0x08003011   Thumb Code    40  misc.o(i.SysTick_CLKSourceConfig)
    SystemInit                               0x08003039   Thumb Code   102  system_stm32f30x.o(i.SystemInit)
    TIM2_IRQHandler                          0x080030b5   Thumb Code   674  timer.o(i.TIM2_IRQHandler)
    TIM2_Int_clock                           0x08003455   Thumb Code    90  timer.o(i.TIM2_Int_clock)
    TIM3_IRQHandler                          0x080034b1   Thumb Code   118  timer.o(i.TIM3_IRQHandler)
    TIM3_Int_Init                            0x08003595   Thumb Code    88  timer.o(i.TIM3_Int_Init)
    TIM_ClearITPendingBit                    0x080035f1   Thumb Code     8  stm32f30x_tim.o(i.TIM_ClearITPendingBit)
    TIM_Cmd                                  0x080035f9   Thumb Code    24  stm32f30x_tim.o(i.TIM_Cmd)
    TIM_GetITStatus                          0x08003611   Thumb Code    34  stm32f30x_tim.o(i.TIM_GetITStatus)
    TIM_ITConfig                             0x08003633   Thumb Code    24  stm32f30x_tim.o(i.TIM_ITConfig)
    TIM_TimeBaseInit                         0x0800364d   Thumb Code   116  stm32f30x_tim.o(i.TIM_TimeBaseInit)
    UART1_Print                              0x080036e5   Thumb Code    50  usart.o(i.UART1_Print)
    UART1_TEST                               0x0800371d   Thumb Code    58  usart.o(i.UART1_TEST)
    UART2_Print                              0x0800375d   Thumb Code    60  usart.o(i.UART2_Print)
    UART3_Print                              0x0800379d   Thumb Code    38  usart.o(i.UART3_Print)
    USART1_IRQHandler                        0x080037c9   Thumb Code    24  usart.o(i.USART1_IRQHandler)
    USART2_IRQHandler                        0x080037ed   Thumb Code    38  usart.o(i.USART2_IRQHandler)
    USART2_Write                             0x08003821   Thumb Code    56  usart.o(i.USART2_Write)
    USART3_IRQHandler                        0x08003859   Thumb Code     2  usart.o(i.USART3_IRQHandler)
    USART_ClearFlag                          0x0800385b   Thumb Code     4  stm32f30x_usart.o(i.USART_ClearFlag)
    USART_Cmd                                0x0800385f   Thumb Code    22  stm32f30x_usart.o(i.USART_Cmd)
    USART_GetFlagStatus                      0x08003875   Thumb Code    18  stm32f30x_usart.o(i.USART_GetFlagStatus)
    USART_ITConfig                           0x08003887   Thumb Code    58  stm32f30x_usart.o(i.USART_ITConfig)
    USART_Init                               0x080038c1   Thumb Code   220  stm32f30x_usart.o(i.USART_Init)
    USART_SendData                           0x080039ad   Thumb Code     8  stm32f30x_usart.o(i.USART_SendData)
    __ARM_fpclassify                         0x080039b5   Thumb Code    48  fpclassify.o(i.__ARM_fpclassify)
    _is_digit                                0x080039e5   Thumb Code    14  __printf_wp.o(i._is_digit)
    _sys_exit                                0x080039f3   Thumb Code     6  usart.o(i._sys_exit)
    alarm                                    0x080039f9   Thumb Code   418  alarm.o(i.alarm)
    change_ip                                0x08003bb1   Thumb Code   172  ip.o(i.change_ip)
    copy_package                             0x08003c6d   Thumb Code    28  data.o(i.copy_package)
    data_update                              0x08003c89   Thumb Code    32  data.o(i.data_update)
    delay_init                               0x08003ca9   Thumb Code    52  delay.o(i.delay_init)
    delay_ms                                 0x08003ce5   Thumb Code    56  delay.o(i.delay_ms)
    delay_xms                                0x08003d1d   Thumb Code    72  delay.o(i.delay_xms)
    fputc                                    0x08003d69   Thumb Code    24  usart.o(i.fputc)
    getVersion                               0x08003d85   Thumb Code   268  version.o(i.getVersion)
    get_fre                                  0x08003eb9   Thumb Code   134  fre.o(i.get_fre)
    get_ip                                   0x08003f4d   Thumb Code   104  ip.o(i.get_ip)
    get_meter_number                         0x08003fe1   Thumb Code   112  init.o(i.get_meter_number)
    internet_test                            0x08004075   Thumb Code   182  usart.o(i.internet_test)
    main                                     0x0800415d   Thumb Code   106  main.o(i.main)
    meter_1_data_updata                      0x0800422d   Thumb Code   830  data.o(i.meter_1_data_updata)
    meter_con_code_calculate                 0x0800464d   Thumb Code   418  meter.o(i.meter_con_code_calculate)
    meter_connect                            0x08004819   Thumb Code    96  meter.o(i.meter_connect)
    meter_cost_code_calculate                0x08004881   Thumb Code   288  meter.o(i.meter_cost_code_calculate)
    meter_current_code_calculate             0x080049c9   Thumb Code   288  meter.o(i.meter_current_code_calculate)
    meter_cut_code_calculate                 0x08004b15   Thumb Code   418  meter.o(i.meter_cut_code_calculate)
    meter_cutoff                             0x08004ce1   Thumb Code    96  meter.o(i.meter_cutoff)
    meter_read_1997_value                    0x08004d49   Thumb Code   300  meter.o(i.meter_read_1997_value)
    meter_read_all_value                     0x08004ea9   Thumb Code    38  meter.o(i.meter_read_all_value)
    meter_read_cost                          0x08004ef1   Thumb Code   170  meter.o(i.meter_read_cost)
    meter_read_current                       0x08004fa5   Thumb Code   190  meter.o(i.meter_read_current)
    meter_read_voltage                       0x0800506d   Thumb Code   178  meter.o(i.meter_read_voltage)
    meter_task                               0x08005129   Thumb Code  2234  task.o(i.meter_task)
    meter_voltage_code_calculate             0x08005c05   Thumb Code   288  meter.o(i.meter_voltage_code_calculate)
    mydelay_us                               0x08005d51   Thumb Code    30  delay.o(i.mydelay_us)
    nb_connect_cloud                         0x08005d71   Thumb Code   144  nb.o(i.nb_connect_cloud)
    nb_receive                               0x08005e59   Thumb Code  1558  nb.o(i.nb_receive)
    nb_upload                                0x080064a5   Thumb Code  1686  nb.o(i.nb_upload)
    order_1_task                             0x08006b5d   Thumb Code   602  task.o(i.order_1_task)
    order_2_task                             0x08006df5   Thumb Code  1764  task.o(i.order_2_task)
    order_3_task                             0x080074f5   Thumb Code    14  task.o(i.order_3_task)
    order_4_task                             0x08007521   Thumb Code   820  task.o(i.order_4_task)
    order_5_task                             0x08007895   Thumb Code    82  task.o(i.order_5_task)
    order_6_task                             0x08007901   Thumb Code  1242  task.o(i.order_6_task)
    order_7_task                             0x08007de5   Thumb Code    20  task.o(i.order_7_task)
    order_task                               0x08007e15   Thumb Code   100  task.o(i.order_task)
    pack_meter_value                         0x08007e79   Thumb Code   112  meter.o(i.pack_meter_value)
    read_meter_addr                          0x08007ee9   Thumb Code   512  meter.o(i.read_meter_addr)
    scrambling                               0x0800811d   Thumb Code    48  nb.o(i.scrambling)
    setClock                                 0x0800815d   Thumb Code   890  clock.o(i.setClock)
    setVersion                               0x080084f5   Thumb Code   410  version.o(i.setVersion)
    sys_init                                 0x080086d9   Thumb Code    54  init.o(i.sys_init)
    uart1_init                               0x08008711   Thumb Code   168  usart.o(i.uart1_init)
    uart2_init                               0x080087c1   Thumb Code   160  usart.o(i.uart2_init)
    uart3_init                               0x08008869   Thumb Code   146  usart.o(i.uart3_init)
    updateTime                               0x08008905   Thumb Code   748  clock.o(i.updateTime)
    update_fre                               0x08008c25   Thumb Code   190  fre.o(i.update_fre)
    verify                                   0x08008cf9   Thumb Code  1130  encode.o(i.verify)
    write_meter_addr                         0x08009169   Thumb Code   512  meter.o(i.write_meter_addr)
    _get_lc_numeric                          0x080093a9   Thumb Code    44  lc_numeric_c.o(locale$$code)
    _get_lc_ctype                            0x080093d5   Thumb Code    44  lc_ctype_c.o(locale$$code)
    _fp_init                                 0x08009401   Thumb Code    10  fpinit.o(x$fpl$fpinit)
    __fplib_config_fpu_vfp                   0x08009409   Thumb Code     0  fpinit.o(x$fpl$fpinit)
    __fplib_config_pureend_doubles           0x08009409   Thumb Code     0  fpinit.o(x$fpl$fpinit)
    _printf_fp_dec                           0x0800940b   Thumb Code     4  printf1.o(x$fpl$printf1)
    __I$use$fp                               0x0800940e   Number         0  usenofp.o(x$fpl$usenofp)
    encode                                   0x0800943f   Data         100  encode.o(.constdata)
    Region$$Table$$Base                      0x08009708   Number         0  anon$$obj.o(Region$$Table)
    Region$$Table$$Limit                     0x08009728   Number         0  anon$$obj.o(Region$$Table)
    __ctype                                  0x08009751   Data           0  lc_ctype_c.o(locale$$data)
    UDP_IP                                   0x20000000   Data          16  main.o(.data)
    UDP_SOCKET                               0x20000010   Data           6  main.o(.data)
    ipLen                                    0x20000016   Data           1  main.o(.data)
    imei                                     0x20000017   Data          15  main.o(.data)
    function                                 0x20000026   Data           1  main.o(.data)
    nb_replay                                0x20000028   Data           4  main.o(.data)
    meter_number                             0x2000002c   Data           4  main.o(.data)
    meter_status                             0x20000030   Data          64  main.o(.data)
    fm_version                               0x20000070   Data          32  main.o(.data)
    meter_task_sem                           0x20000090   Data           1  main.o(.data)
    ic                                       0x20000094   Data           4  main.o(.data)
    __stdout                                 0x2000009c   Data           4  usart.o(.data)
    USART1_RX_STA                            0x200000a0   Data           2  usart.o(.data)
    USART2_RX_STA                            0x200000a2   Data           2  usart.o(.data)
    udp_data                                 0x200000a4   Data           1  usart.o(.data)
    rx_idle                                  0x200000a5   Data           1  usart.o(.data)
    USART3_RX_STA                            0x200000a6   Data           2  usart.o(.data)
    usart2_rcv_len                           0x200000a8   Data           2  usart.o(.data)
    RTC_TimeStruct                           0x200000e0   Data           4  init.o(.data)
    RTC_DateStruct                           0x200000e4   Data           4  init.o(.data)
    AT_REBOOT                                0x200000e8   Data           4  nb.o(.data)
    AT_NBAND                                 0x200000ec   Data           4  nb.o(.data)
    AT_CFUN                                  0x200000f0   Data           4  nb.o(.data)
    AT_IP_CMNET                              0x200000f4   Data           4  nb.o(.data)
    AT_COPS                                  0x200000f8   Data           4  nb.o(.data)
    AT_CGATT                                 0x200000fc   Data           4  nb.o(.data)
    AT_CGATT_Q                               0x20000100   Data           4  nb.o(.data)
    AT_NSMI                                  0x20000104   Data           4  nb.o(.data)
    AT_NNMI                                  0x20000108   Data           4  nb.o(.data)
    AT_NSOCR                                 0x2000010c   Data           4  nb.o(.data)
    AT_IMEI_Q                                0x20000110   Data           4  nb.o(.data)
    AT_NSORF                                 0x20000114   Data           4  nb.o(.data)
    AT_CFUN_0                                0x20000118   Data           4  nb.o(.data)
    AT_NCOFIG_Q                              0x2000011c   Data           4  nb.o(.data)
    AT_NCONFIG_0                             0x20000120   Data           4  nb.o(.data)
    AT_NCONFIG_1                             0x20000124   Data           4  nb.o(.data)
    res_order                                0x20000128   Data           4  nb.o(.data)
    res_order_end                            0x2000012c   Data           4  nb.o(.data)
    res_addr                                 0x20000130   Data           4  nb.o(.data)
    res_addr_end                             0x20000134   Data           4  nb.o(.data)
    res_replay                               0x20000138   Data           4  nb.o(.data)
    res_replay_end                           0x2000013c   Data           4  nb.o(.data)
    order_sum_end                            0x20000140   Data           4  nb.o(.data)
    order_sum_start                          0x20000144   Data           4  nb.o(.data)
    get_message                              0x20000148   Data           4  nb.o(.data)
    clock_start_flag                         0x2000014c   Data           4  nb.o(.data)
    clock_end_flag                           0x20000150   Data           4  nb.o(.data)
    command_start_flag                       0x20000154   Data           4  nb.o(.data)
    command_end_flag                         0x20000158   Data           4  nb.o(.data)
    IP_start_flag                            0x2000015c   Data           4  nb.o(.data)
    IP_end_flag                              0x20000160   Data           4  nb.o(.data)
    meters_get                               0x20000164   Data           1  nb.o(.data)
    data_fre_sta                             0x20000168   Data           4  nb.o(.data)
    data_fre_end                             0x2000016c   Data           4  nb.o(.data)
    meter_databack_count                     0x20000170   Data           4  meter.o(.data)
    nb_databack_count                        0x20000174   Data           4  meter.o(.data)
    key_start_flag                           0x20000180   Data           4  encode.o(.data)
    key_end_flag                             0x20000184   Data           4  encode.o(.data)
    T_FRE_REF                                0x20000188   Data           2  fre.o(.data)
    T_FRE_TASK                               0x2000018a   Data           2  fre.o(.data)
    meter                                    0x2000018c   Data         334  main.o(.bss)
    data_num                                 0x200002da   Data         144  main.o(.bss)
    order_message                            0x2000036a   Data          20  main.o(.bss)
    order_sum                                0x2000037e   Data         200  main.o(.bss)
    meter_addr_message                       0x20000446   Data         480  main.o(.bss)
    mstr                                     0x20000626   Data          12  main.o(.bss)
    ip_message                               0x20000632   Data          30  main.o(.bss)
    USART1_RX_BUF                            0x20000650   Data         200  usart.o(.bss)
    USART2_RX_BUF                            0x20000718   Data         500  usart.o(.bss)
    USART3_RX_BUF                            0x2000090c   Data         200  usart.o(.bss)
    STMFLASH_BUF                             0x200009d4   Data        2048  flash.o(.bss)
    clockMessage                             0x200011d4   Data          10  nb.o(.bss)
    command_message                          0x200011de   Data         200  nb.o(.bss)
    meter_databack                           0x200012a6   Data         100  meter.o(.bss)
    nb_databack                              0x2000130a   Data          50  meter.o(.bss)
    fre_message                              0x2000133c   Data          20  fre.o(.bss)
    __libspace_start                         0x20001350   Data          96  libspace.o(.bss)
    __temporary_stack_top$libspace           0x200013b0   Data           0  libspace.o(.bss)



==============================================================================

Memory Map of the image

  Image Entry point : 0x08000189

  Load Region LR_IROM1 (Base: 0x08000000, Size: 0x000099e0, Max: 0x00040000, ABSOLUTE, COMPRESSED[0x00009914])

    Execution Region ER_IROM1 (Exec base: 0x08000000, Load base: 0x08000000, Size: 0x00009854, Max: 0x00040000, ABSOLUTE)

    Exec Addr    Load Addr    Size         Type   Attr      Idx    E Section Name        Object

    0x08000000   0x08000000   0x00000188   Data   RO          155    RESET               startup_stm32f302xc.o
    0x08000188   0x08000188   0x00000008   Code   RO         4001  * !!!main             c_w.l(__main.o)
    0x08000190   0x08000190   0x00000034   Code   RO         4287    !!!scatter          c_w.l(__scatter.o)
    0x080001c4   0x080001c4   0x0000005a   Code   RO         4285    !!dczerorl2         c_w.l(__dczerorl2.o)
    0x0800021e   0x0800021e   0x00000002   PAD
    0x08000220   0x08000220   0x0000001c   Code   RO         4289    !!handler_zi        c_w.l(__scatter_zi.o)
    0x0800023c   0x0800023c   0x00000000   Code   RO         3990    .ARM.Collect$$_printf_percent$$00000000  c_w.l(_printf_percent.o)
    0x0800023c   0x0800023c   0x00000006   Code   RO         4050    .ARM.Collect$$_printf_percent$$00000001  c_w.l(_printf_n.o)
    0x08000242   0x08000242   0x00000006   Code   RO         4052    .ARM.Collect$$_printf_percent$$00000002  c_w.l(_printf_p.o)
    0x08000248   0x08000248   0x00000006   Code   RO         4056    .ARM.Collect$$_printf_percent$$00000003  c_w.l(_printf_f.o)
    0x0800024e   0x0800024e   0x00000006   Code   RO         4057    .ARM.Collect$$_printf_percent$$00000004  c_w.l(_printf_e.o)
    0x08000254   0x08000254   0x00000006   Code   RO         4058    .ARM.Collect$$_printf_percent$$00000005  c_w.l(_printf_g.o)
    0x0800025a   0x0800025a   0x00000006   Code   RO         4059    .ARM.Collect$$_printf_percent$$00000006  c_w.l(_printf_a.o)
    0x08000260   0x08000260   0x0000000a   Code   RO         4064    .ARM.Collect$$_printf_percent$$00000007  c_w.l(_printf_ll.o)
    0x0800026a   0x0800026a   0x00000006   Code   RO         4054    .ARM.Collect$$_printf_percent$$00000008  c_w.l(_printf_i.o)
    0x08000270   0x08000270   0x00000006   Code   RO         3989    .ARM.Collect$$_printf_percent$$00000009  c_w.l(_printf_d.o)
    0x08000276   0x08000276   0x00000006   Code   RO         4055    .ARM.Collect$$_printf_percent$$0000000A  c_w.l(_printf_u.o)
    0x0800027c   0x0800027c   0x00000006   Code   RO         4053    .ARM.Collect$$_printf_percent$$0000000B  c_w.l(_printf_o.o)
    0x08000282   0x08000282   0x00000006   Code   RO         4051    .ARM.Collect$$_printf_percent$$0000000C  c_w.l(_printf_x.o)
    0x08000288   0x08000288   0x00000006   Code   RO         4061    .ARM.Collect$$_printf_percent$$0000000D  c_w.l(_printf_lli.o)
    0x0800028e   0x0800028e   0x00000006   Code   RO         4062    .ARM.Collect$$_printf_percent$$0000000E  c_w.l(_printf_lld.o)
    0x08000294   0x08000294   0x00000006   Code   RO         4063    .ARM.Collect$$_printf_percent$$0000000F  c_w.l(_printf_llu.o)
    0x0800029a   0x0800029a   0x00000006   Code   RO         4068    .ARM.Collect$$_printf_percent$$00000010  c_w.l(_printf_llo.o)
    0x080002a0   0x080002a0   0x00000006   Code   RO         4069    .ARM.Collect$$_printf_percent$$00000011  c_w.l(_printf_llx.o)
    0x080002a6   0x080002a6   0x0000000a   Code   RO         4065    .ARM.Collect$$_printf_percent$$00000012  c_w.l(_printf_l.o)
    0x080002b0   0x080002b0   0x00000006   Code   RO         3987    .ARM.Collect$$_printf_percent$$00000013  c_w.l(_printf_c.o)
    0x080002b6   0x080002b6   0x00000006   Code   RO         3988    .ARM.Collect$$_printf_percent$$00000014  c_w.l(_printf_s.o)
    0x080002bc   0x080002bc   0x00000006   Code   RO         4066    .ARM.Collect$$_printf_percent$$00000015  c_w.l(_printf_lc.o)
    0x080002c2   0x080002c2   0x00000006   Code   RO         4067    .ARM.Collect$$_printf_percent$$00000016  c_w.l(_printf_ls.o)
    0x080002c8   0x080002c8   0x00000004   Code   RO         4060    .ARM.Collect$$_printf_percent$$00000017  c_w.l(_printf_percent_end.o)
    0x080002cc   0x080002cc   0x00000002   Code   RO         4149    .ARM.Collect$$libinit$$00000000  c_w.l(libinit.o)
    0x080002ce   0x080002ce   0x00000004   Code   RO         4165    .ARM.Collect$$libinit$$00000001  c_w.l(libinit2.o)
    0x080002d2   0x080002d2   0x00000000   Code   RO         4168    .ARM.Collect$$libinit$$00000004  c_w.l(libinit2.o)
    0x080002d2   0x080002d2   0x00000000   Code   RO         4171    .ARM.Collect$$libinit$$0000000A  c_w.l(libinit2.o)
    0x080002d2   0x080002d2   0x00000000   Code   RO         4173    .ARM.Collect$$libinit$$0000000C  c_w.l(libinit2.o)
    0x080002d2   0x080002d2   0x00000000   Code   RO         4175    .ARM.Collect$$libinit$$0000000E  c_w.l(libinit2.o)
    0x080002d2   0x080002d2   0x00000006   Code   RO         4176    .ARM.Collect$$libinit$$0000000F  c_w.l(libinit2.o)
    0x080002d8   0x080002d8   0x00000000   Code   RO         4178    .ARM.Collect$$libinit$$00000011  c_w.l(libinit2.o)
    0x080002d8   0x080002d8   0x0000000c   Code   RO         4179    .ARM.Collect$$libinit$$00000012  c_w.l(libinit2.o)
    0x080002e4   0x080002e4   0x00000000   Code   RO         4180    .ARM.Collect$$libinit$$00000013  c_w.l(libinit2.o)
    0x080002e4   0x080002e4   0x00000000   Code   RO         4182    .ARM.Collect$$libinit$$00000015  c_w.l(libinit2.o)
    0x080002e4   0x080002e4   0x0000000a   Code   RO         4183    .ARM.Collect$$libinit$$00000016  c_w.l(libinit2.o)
    0x080002ee   0x080002ee   0x00000000   Code   RO         4184    .ARM.Collect$$libinit$$00000017  c_w.l(libinit2.o)
    0x080002ee   0x080002ee   0x00000000   Code   RO         4186    .ARM.Collect$$libinit$$00000019  c_w.l(libinit2.o)
    0x080002ee   0x080002ee   0x00000000   Code   RO         4188    .ARM.Collect$$libinit$$0000001B  c_w.l(libinit2.o)
    0x080002ee   0x080002ee   0x00000000   Code   RO         4190    .ARM.Collect$$libinit$$0000001D  c_w.l(libinit2.o)
    0x080002ee   0x080002ee   0x00000000   Code   RO         4192    .ARM.Collect$$libinit$$0000001F  c_w.l(libinit2.o)
    0x080002ee   0x080002ee   0x00000000   Code   RO         4194    .ARM.Collect$$libinit$$00000021  c_w.l(libinit2.o)
    0x080002ee   0x080002ee   0x00000000   Code   RO         4196    .ARM.Collect$$libinit$$00000023  c_w.l(libinit2.o)
    0x080002ee   0x080002ee   0x00000000   Code   RO         4198    .ARM.Collect$$libinit$$00000025  c_w.l(libinit2.o)
    0x080002ee   0x080002ee   0x00000000   Code   RO         4202    .ARM.Collect$$libinit$$0000002C  c_w.l(libinit2.o)
    0x080002ee   0x080002ee   0x00000000   Code   RO         4204    .ARM.Collect$$libinit$$0000002E  c_w.l(libinit2.o)
    0x080002ee   0x080002ee   0x00000000   Code   RO         4206    .ARM.Collect$$libinit$$00000030  c_w.l(libinit2.o)
    0x080002ee   0x080002ee   0x00000000   Code   RO         4208    .ARM.Collect$$libinit$$00000032  c_w.l(libinit2.o)
    0x080002ee   0x080002ee   0x00000002   Code   RO         4209    .ARM.Collect$$libinit$$00000033  c_w.l(libinit2.o)
    0x080002f0   0x080002f0   0x00000002   Code   RO         4227    .ARM.Collect$$libshutdown$$00000000  c_w.l(libshutdown.o)
    0x080002f2   0x080002f2   0x00000000   Code   RO         4237    .ARM.Collect$$libshutdown$$00000002  c_w.l(libshutdown2.o)
    0x080002f2   0x080002f2   0x00000000   Code   RO         4239    .ARM.Collect$$libshutdown$$00000004  c_w.l(libshutdown2.o)
    0x080002f2   0x080002f2   0x00000000   Code   RO         4242    .ARM.Collect$$libshutdown$$00000007  c_w.l(libshutdown2.o)
    0x080002f2   0x080002f2   0x00000000   Code   RO         4245    .ARM.Collect$$libshutdown$$0000000A  c_w.l(libshutdown2.o)
    0x080002f2   0x080002f2   0x00000000   Code   RO         4247    .ARM.Collect$$libshutdown$$0000000C  c_w.l(libshutdown2.o)
    0x080002f2   0x080002f2   0x00000000   Code   RO         4250    .ARM.Collect$$libshutdown$$0000000F  c_w.l(libshutdown2.o)
    0x080002f2   0x080002f2   0x00000002   Code   RO         4251    .ARM.Collect$$libshutdown$$00000010  c_w.l(libshutdown2.o)
    0x080002f4   0x080002f4   0x00000000   Code   RO         4005    .ARM.Collect$$rtentry$$00000000  c_w.l(__rtentry.o)
    0x080002f4   0x080002f4   0x00000000   Code   RO         4073    .ARM.Collect$$rtentry$$00000002  c_w.l(__rtentry2.o)
    0x080002f4   0x080002f4   0x00000006   Code   RO         4085    .ARM.Collect$$rtentry$$00000004  c_w.l(__rtentry4.o)
    0x080002fa   0x080002fa   0x00000000   Code   RO         4075    .ARM.Collect$$rtentry$$00000009  c_w.l(__rtentry2.o)
    0x080002fa   0x080002fa   0x00000004   Code   RO         4076    .ARM.Collect$$rtentry$$0000000A  c_w.l(__rtentry2.o)
    0x080002fe   0x080002fe   0x00000000   Code   RO         4078    .ARM.Collect$$rtentry$$0000000C  c_w.l(__rtentry2.o)
    0x080002fe   0x080002fe   0x00000008   Code   RO         4079    .ARM.Collect$$rtentry$$0000000D  c_w.l(__rtentry2.o)
    0x08000306   0x08000306   0x00000002   Code   RO         4158    .ARM.Collect$$rtexit$$00000000  c_w.l(rtexit.o)
    0x08000308   0x08000308   0x00000000   Code   RO         4211    .ARM.Collect$$rtexit$$00000002  c_w.l(rtexit2.o)
    0x08000308   0x08000308   0x00000004   Code   RO         4212    .ARM.Collect$$rtexit$$00000003  c_w.l(rtexit2.o)
    0x0800030c   0x0800030c   0x00000006   Code   RO         4213    .ARM.Collect$$rtexit$$00000004  c_w.l(rtexit2.o)
    0x08000312   0x08000312   0x00000002   PAD
    0x08000314   0x08000314   0x00000040   Code   RO          156    .text               startup_stm32f302xc.o
    0x08000354   0x08000354   0x00000002   Code   RO         3953    .text               c_w.l(use_no_semi_2.o)
    0x08000356   0x08000356   0x00000002   PAD
    0x08000358   0x08000358   0x00000018   Code   RO         3955    .text               c_w.l(c89printf.o)
    0x08000370   0x08000370   0x00000018   Code   RO         3957    .text               c_w.l(__2printf.o)
    0x08000388   0x08000388   0x00000052   Code   RO         3963    .text               c_w.l(_printf_str.o)
    0x080003da   0x080003da   0x00000002   PAD
    0x080003dc   0x080003dc   0x00000078   Code   RO         3965    .text               c_w.l(_printf_dec.o)
    0x08000454   0x08000454   0x00000188   Code   RO         3984    .text               c_w.l(__printf_flags_ss_wp.o)
    0x080005dc   0x080005dc   0x00000024   Code   RO         3991    .text               c_w.l(strstr.o)
    0x08000600   0x08000600   0x0000003e   Code   RO         3993    .text               c_w.l(strlen.o)
    0x0800063e   0x0800063e   0x00000044   Code   RO         3995    .text               c_w.l(rt_memclr.o)
    0x08000682   0x08000682   0x0000004e   Code   RO         3997    .text               c_w.l(rt_memclr_w.o)
    0x080006d0   0x080006d0   0x00000006   Code   RO         3999    .text               c_w.l(heapauxi.o)
    0x080006d6   0x080006d6   0x00000002   Code   RO         4003    .text               c_w.l(use_no_semi.o)
    0x080006d8   0x080006d8   0x0000004e   Code   RO         4006    .text               c_w.l(_printf_pad.o)
    0x08000726   0x08000726   0x00000024   Code   RO         4008    .text               c_w.l(_printf_truncate.o)
    0x0800074a   0x0800074a   0x000000b2   Code   RO         4010    .text               c_w.l(_printf_intcommon.o)
    0x080007fc   0x080007fc   0x00000028   Code   RO         4012    .text               c_w.l(_printf_charcount.o)
    0x08000824   0x08000824   0x0000002c   Code   RO         4014    .text               c_w.l(_printf_char.o)
    0x08000850   0x08000850   0x00000024   Code   RO         4016    .text               c_w.l(_printf_char_file.o)
    0x08000874   0x08000874   0x000000bc   Code   RO         4018    .text               c_w.l(_printf_wctomb.o)
    0x08000930   0x08000930   0x0000007c   Code   RO         4021    .text               c_w.l(_printf_longlong_dec.o)
    0x080009ac   0x080009ac   0x00000070   Code   RO         4027    .text               c_w.l(_printf_oct_int_ll.o)
    0x08000a1c   0x08000a1c   0x00000094   Code   RO         4047    .text               c_w.l(_printf_hex_int_ll_ptr.o)
    0x08000ab0   0x08000ab0   0x0000008a   Code   RO         4087    .text               c_w.l(lludiv10.o)
    0x08000b3a   0x08000b3a   0x0000041e   Code   RO         4089    .text               c_w.l(_printf_fp_dec.o)
    0x08000f58   0x08000f58   0x00000030   Code   RO         4091    .text               c_w.l(_printf_char_common.o)
    0x08000f88   0x08000f88   0x0000002c   Code   RO         4093    .text               c_w.l(_printf_wchar.o)
    0x08000fb4   0x08000fb4   0x00000008   Code   RO         4095    .text               c_w.l(ferror.o)
    0x08000fbc   0x08000fbc   0x00000040   Code   RO         4099    .text               c_w.l(_wcrtomb.o)
    0x08000ffc   0x08000ffc   0x0000004a   Code   RO         4101    .text               c_w.l(sys_stackheap_outer.o)
    0x08001046   0x08001046   0x00000002   PAD
    0x08001048   0x08001048   0x00000010   Code   RO         4103    .text               c_w.l(rt_ctype_table.o)
    0x08001058   0x08001058   0x00000008   Code   RO         4108    .text               c_w.l(rt_locale_intlibspace.o)
    0x08001060   0x08001060   0x00000080   Code   RO         4110    .text               c_w.l(_printf_fp_infnan.o)
    0x080010e0   0x080010e0   0x000000e4   Code   RO         4114    .text               c_w.l(bigflt0.o)
    0x080011c4   0x080011c4   0x00000012   Code   RO         4142    .text               c_w.l(exit.o)
    0x080011d6   0x080011d6   0x00000002   PAD
    0x080011d8   0x080011d8   0x00000008   Code   RO         4155    .text               c_w.l(libspace.o)
    0x080011e0   0x080011e0   0x00000080   Code   RO         4163    .text               c_w.l(strcmpv7m.o)
    0x08001260   0x08001260   0x0000003e   Code   RO         4117    CL$$btod_d2e        c_w.l(btod.o)
    0x0800129e   0x0800129e   0x00000046   Code   RO         4119    CL$$btod_d2e_denorm_low  c_w.l(btod.o)
    0x080012e4   0x080012e4   0x00000060   Code   RO         4118    CL$$btod_d2e_norm_op1  c_w.l(btod.o)
    0x08001344   0x08001344   0x00000338   Code   RO         4127    CL$$btod_div_common  c_w.l(btod.o)
    0x0800167c   0x0800167c   0x000000dc   Code   RO         4124    CL$$btod_e2e        c_w.l(btod.o)
    0x08001758   0x08001758   0x0000002a   Code   RO         4121    CL$$btod_ediv       c_w.l(btod.o)
    0x08001782   0x08001782   0x0000002a   Code   RO         4120    CL$$btod_emul       c_w.l(btod.o)
    0x080017ac   0x080017ac   0x00000244   Code   RO         4126    CL$$btod_mult_common  c_w.l(btod.o)
    0x080019f0   0x080019f0   0x00000016   Code   RO         2898    i.ADC_Cmd           stm32f30x_adc.o
    0x08001a06   0x08001a06   0x00000002   PAD
    0x08001a08   0x08001a08   0x00000064   Code   RO         2899    i.ADC_CommonInit    stm32f30x_adc.o
    0x08001a6c   0x08001a6c   0x00000008   Code   RO         2911    i.ADC_GetConversionValue  stm32f30x_adc.o
    0x08001a74   0x08001a74   0x00000012   Code   RO         2914    i.ADC_GetFlagStatus  stm32f30x_adc.o
    0x08001a86   0x08001a86   0x00000002   PAD
    0x08001a88   0x08001a88   0x00000040   Code   RO         2920    i.ADC_Init          stm32f30x_adc.o
    0x08001ac8   0x08001ac8   0x000000fa   Code   RO         2925    i.ADC_RegularChannelConfig  stm32f30x_adc.o
    0x08001bc2   0x08001bc2   0x0000000a   Code   RO         2936    i.ADC_StartConversion  stm32f30x_adc.o
    0x08001bcc   0x08001bcc   0x00000082   Code   RO         3738    i.Adc_Init          adc.o
    0x08001c4e   0x08001c4e   0x0000001a   Code   RO          564    i.EXTI0_IRQHandler  exit.o
    0x08001c68   0x08001c68   0x0000001c   Code   RO          566    i.EXTI3_IRQHandler  exit.o
    0x08001c84   0x08001c84   0x0000001c   Code   RO          567    i.EXTI4_IRQHandler  exit.o
    0x08001ca0   0x08001ca0   0x0000001c   Code   RO         1899    i.EXTI_ClearITPendingBit  stm32f30x_exti.o
    0x08001cbc   0x08001cbc   0x0000004c   Code   RO         1382    i.FLASH_ErasePage   stm32f30x_flash.o
    0x08001d08   0x08001d08   0x00000034   Code   RO         1384    i.FLASH_GetStatus   stm32f30x_flash.o
    0x08001d3c   0x08001d3c   0x00000014   Code   RO         1387    i.FLASH_Lock        stm32f30x_flash.o
    0x08001d50   0x08001d50   0x00000044   Code   RO         1403    i.FLASH_ProgramHalfWord  stm32f30x_flash.o
    0x08001d94   0x08001d94   0x00000024   Code   RO         1407    i.FLASH_Unlock      stm32f30x_flash.o
    0x08001db8   0x08001db8   0x00000026   Code   RO         1408    i.FLASH_WaitForLastOperation  stm32f30x_flash.o
    0x08001dde   0x08001dde   0x00000096   Code   RO          725    i.GPIO_Init         stm32f30x_gpio.o
    0x08001e74   0x08001e74   0x00000046   Code   RO          726    i.GPIO_PinAFConfig  stm32f30x_gpio.o
    0x08001eba   0x08001eba   0x00000012   Code   RO          729    i.GPIO_ReadInputDataBit  stm32f30x_gpio.o
    0x08001ecc   0x08001ecc   0x00000004   Code   RO          733    i.GPIO_SetBits      stm32f30x_gpio.o
    0x08001ed0   0x08001ed0   0x0000000a   Code   RO          736    i.GPIO_WriteBit     stm32f30x_gpio.o
    0x08001eda   0x08001eda   0x00000034   Code   RO         3739    i.Get_Adc           adc.o
    0x08001f0e   0x08001f0e   0x0000002e   Code   RO         3740    i.Get_Adc_Average   adc.o
    0x08001f3c   0x08001f3c   0x000000c8   Code   RO          300    i.IMEI_GET          usart.o
    0x08002004   0x08002004   0x00000010   Code   RO         2826    i.IWDG_Enable       stm32f30x_iwdg.o
    0x08002014   0x08002014   0x00000008   Code   RO         3709    i.IWDG_Feed         wdog.o
    0x0800201c   0x0800201c   0x00000024   Code   RO         3710    i.IWDG_Init         wdog.o
    0x08002040   0x08002040   0x00000010   Code   RO         2828    i.IWDG_ReloadCounter  stm32f30x_iwdg.o
    0x08002050   0x08002050   0x0000000c   Code   RO         2829    i.IWDG_SetPrescaler  stm32f30x_iwdg.o
    0x0800205c   0x0800205c   0x0000000c   Code   RO         2830    i.IWDG_SetReload    stm32f30x_iwdg.o
    0x08002068   0x08002068   0x0000000c   Code   RO         2832    i.IWDG_WriteAccessCmd  stm32f30x_iwdg.o
    0x08002074   0x08002074   0x000000ac   Code   RO         3276    i.LED_Init          led.o
    0x08002120   0x08002120   0x00000018   Code   RO         3277    i.LED_Set           led.o
    0x08002138   0x08002138   0x0000008a   Code   RO          502    i.My_RTC_Init       rtc.o
    0x080021c2   0x080021c2   0x00000002   PAD
    0x080021c4   0x080021c4   0x00000070   Code   RO          641    i.NVIC_Init         misc.o
    0x08002234   0x08002234   0x00000014   Code   RO          642    i.NVIC_PriorityGroupConfig  misc.o
    0x08002248   0x08002248   0x0000000c   Code   RO         1960    i.PWR_BackupAccessCmd  stm32f30x_pwr.o
    0x08002254   0x08002254   0x00000020   Code   RO          817    i.RCC_AHBPeriphClockCmd  stm32f30x_rcc.o
    0x08002274   0x08002274   0x00000020   Code   RO          818    i.RCC_AHBPeriphResetCmd  stm32f30x_rcc.o
    0x08002294   0x08002294   0x00000020   Code   RO          819    i.RCC_APB1PeriphClockCmd  stm32f30x_rcc.o
    0x080022b4   0x080022b4   0x00000020   Code   RO          821    i.RCC_APB2PeriphClockCmd  stm32f30x_rcc.o
    0x080022d4   0x080022d4   0x00000538   Code   RO          829    i.RCC_GetClocksFreq  stm32f30x_rcc.o
    0x0800280c   0x0800280c   0x00000044   Code   RO          830    i.RCC_GetFlagStatus  stm32f30x_rcc.o
    0x08002850   0x08002850   0x00000024   Code   RO          840    i.RCC_LSEConfig     stm32f30x_rcc.o
    0x08002874   0x08002874   0x0000000c   Code   RO          849    i.RCC_RTCCLKCmd     stm32f30x_rcc.o
    0x08002880   0x08002880   0x00000010   Code   RO          850    i.RCC_RTCCLKConfig  stm32f30x_rcc.o
    0x08002890   0x08002890   0x0000001a   Code   RO         3278    i.RS485_Set         led.o
    0x080028aa   0x080028aa   0x00000002   PAD
    0x080028ac   0x080028ac   0x00000030   Code   RO          503    i.RTC_Alarm_IRQHandler  rtc.o
    0x080028dc   0x080028dc   0x00000016   Code   RO         1571    i.RTC_Bcd2ToByte    stm32f30x_rtc.o
    0x080028f2   0x080028f2   0x0000001c   Code   RO         1573    i.RTC_ByteToBcd2    stm32f30x_rtc.o
    0x0800290e   0x0800290e   0x00000002   PAD
    0x08002910   0x08002910   0x00000020   Code   RO         1576    i.RTC_ClearFlag     stm32f30x_rtc.o
    0x08002930   0x08002930   0x00000050   Code   RO         1581    i.RTC_EnterInitMode  stm32f30x_rtc.o
    0x08002980   0x08002980   0x00000014   Code   RO         1582    i.RTC_ExitInitMode  stm32f30x_rtc.o
    0x08002994   0x08002994   0x00000050   Code   RO         1585    i.RTC_GetDate       stm32f30x_rtc.o
    0x080029e4   0x080029e4   0x00000028   Code   RO         1586    i.RTC_GetFlagStatus  stm32f30x_rtc.o
    0x08002a0c   0x08002a0c   0x00000050   Code   RO         1590    i.RTC_GetTime       stm32f30x_rtc.o
    0x08002a5c   0x08002a5c   0x00000064   Code   RO         1595    i.RTC_Init          stm32f30x_rtc.o
    0x08002ac0   0x08002ac0   0x00000020   Code   RO         1598    i.RTC_ReadBackupRegister  stm32f30x_rtc.o
    0x08002ae0   0x08002ae0   0x000000c8   Code   RO         1601    i.RTC_SetDate       stm32f30x_rtc.o
    0x08002ba8   0x08002ba8   0x000000d0   Code   RO         1602    i.RTC_SetTime       stm32f30x_rtc.o
    0x08002c78   0x08002c78   0x00000024   Code   RO          505    i.RTC_Set_Date      rtc.o
    0x08002c9c   0x08002c9c   0x00000024   Code   RO          506    i.RTC_Set_Time      rtc.o
    0x08002cc0   0x08002cc0   0x0000001c   Code   RO          508    i.RTC_WKUP_IRQHandler  rtc.o
    0x08002cdc   0x08002cdc   0x00000074   Code   RO         1616    i.RTC_WaitForSynchro  stm32f30x_rtc.o
    0x08002d50   0x08002d50   0x0000001c   Code   RO         1619    i.RTC_WriteBackupRegister  stm32f30x_rtc.o
    0x08002d6c   0x08002d6c   0x0000002c   Code   RO          448    i.STMFLASH_Read     flash.o
    0x08002d98   0x08002d98   0x00000006   Code   RO          449    i.STMFLASH_ReadHalfWord  flash.o
    0x08002d9e   0x08002d9e   0x00000002   PAD
    0x08002da0   0x08002da0   0x00000114   Code   RO          450    i.STMFLASH_Write    flash.o
    0x08002eb4   0x08002eb4   0x00000026   Code   RO          451    i.STMFLASH_Write_NoCheck  flash.o
    0x08002eda   0x08002eda   0x00000002   PAD
    0x08002edc   0x08002edc   0x000000b0   Code   RO          303    i.Send_MQ           usart.o
    0x08002f8c   0x08002f8c   0x00000084   Code   RO          162    i.SetSysClock       system_stm32f30x.o
    0x08003010   0x08003010   0x00000028   Code   RO          645    i.SysTick_CLKSourceConfig  misc.o
    0x08003038   0x08003038   0x0000007c   Code   RO          164    i.SystemInit        system_stm32f30x.o
    0x080030b4   0x080030b4   0x000003a0   Code   RO         3587    i.TIM2_IRQHandler   timer.o
    0x08003454   0x08003454   0x0000005a   Code   RO         3588    i.TIM2_Int_clock    timer.o
    0x080034ae   0x080034ae   0x00000002   PAD
    0x080034b0   0x080034b0   0x000000e4   Code   RO         3589    i.TIM3_IRQHandler   timer.o
    0x08003594   0x08003594   0x0000005c   Code   RO         3590    i.TIM3_Int_Init     timer.o
    0x080035f0   0x080035f0   0x00000008   Code   RO         2147    i.TIM_ClearITPendingBit  stm32f30x_tim.o
    0x080035f8   0x080035f8   0x00000018   Code   RO         2154    i.TIM_Cmd           stm32f30x_tim.o
    0x08003610   0x08003610   0x00000022   Code   RO         2177    i.TIM_GetITStatus   stm32f30x_tim.o
    0x08003632   0x08003632   0x00000018   Code   RO         2181    i.TIM_ITConfig      stm32f30x_tim.o
    0x0800364a   0x0800364a   0x00000002   PAD
    0x0800364c   0x0800364c   0x00000098   Code   RO         2241    i.TIM_TimeBaseInit  stm32f30x_tim.o
    0x080036e4   0x080036e4   0x00000038   Code   RO          304    i.UART1_Print       usart.o
    0x0800371c   0x0800371c   0x00000040   Code   RO          305    i.UART1_TEST        usart.o
    0x0800375c   0x0800375c   0x00000040   Code   RO          306    i.UART2_Print       usart.o
    0x0800379c   0x0800379c   0x0000002c   Code   RO          307    i.UART3_Print       usart.o
    0x080037c8   0x080037c8   0x00000024   Code   RO          309    i.USART1_IRQHandler  usart.o
    0x080037ec   0x080037ec   0x00000034   Code   RO          310    i.USART2_IRQHandler  usart.o
    0x08003820   0x08003820   0x00000038   Code   RO          311    i.USART2_Write      usart.o
    0x08003858   0x08003858   0x00000002   Code   RO          312    i.USART3_IRQHandler  usart.o
    0x0800385a   0x0800385a   0x00000004   Code   RO         1075    i.USART_ClearFlag   stm32f30x_usart.o
    0x0800385e   0x0800385e   0x00000016   Code   RO         1079    i.USART_Cmd         stm32f30x_usart.o
    0x08003874   0x08003874   0x00000012   Code   RO         1087    i.USART_GetFlagStatus  stm32f30x_usart.o
    0x08003886   0x08003886   0x0000003a   Code   RO         1090    i.USART_ITConfig    stm32f30x_usart.o
    0x080038c0   0x080038c0   0x000000ec   Code   RO         1091    i.USART_Init        stm32f30x_usart.o
    0x080039ac   0x080039ac   0x00000008   Code   RO         1108    i.USART_SendData    stm32f30x_usart.o
    0x080039b4   0x080039b4   0x00000030   Code   RO         4153    i.__ARM_fpclassify  m_wm.l(fpclassify.o)
    0x080039e4   0x080039e4   0x0000000e   Code   RO         3977    i._is_digit         c_w.l(__printf_wp.o)
    0x080039f2   0x080039f2   0x00000006   Code   RO          313    i._sys_exit         usart.o
    0x080039f8   0x080039f8   0x000001b8   Code   RO         3799    i.alarm             alarm.o
    0x08003bb0   0x08003bb0   0x000000bc   Code   RO         3883    i.change_ip         ip.o
    0x08003c6c   0x08003c6c   0x0000001c   Code   RO         3551    i.copy_package      data.o
    0x08003c88   0x08003c88   0x00000020   Code   RO         3552    i.data_update       data.o
    0x08003ca8   0x08003ca8   0x0000003c   Code   RO          206    i.delay_init        delay.o
    0x08003ce4   0x08003ce4   0x00000038   Code   RO          207    i.delay_ms          delay.o
    0x08003d1c   0x08003d1c   0x0000004c   Code   RO          209    i.delay_xms         delay.o
    0x08003d68   0x08003d68   0x0000001c   Code   RO          314    i.fputc             usart.o
    0x08003d84   0x08003d84   0x00000134   Code   RO         3853    i.getVersion        version.o
    0x08003eb8   0x08003eb8   0x00000094   Code   RO         3913    i.get_fre           fre.o
    0x08003f4c   0x08003f4c   0x00000094   Code   RO         3884    i.get_ip            ip.o
    0x08003fe0   0x08003fe0   0x00000094   Code   RO         3322    i.get_meter_number  init.o
    0x08004074   0x08004074   0x000000e8   Code   RO          315    i.internet_test     usart.o
    0x0800415c   0x0800415c   0x000000d0   Code   RO            3    i.main              main.o
    0x0800422c   0x0800422c   0x00000420   Code   RO         3553    i.meter_1_data_updata  data.o
    0x0800464c   0x0800464c   0x000001cc   Code   RO         3418    i.meter_con_code_calculate  meter.o
    0x08004818   0x08004818   0x00000068   Code   RO         3419    i.meter_connect     meter.o
    0x08004880   0x08004880   0x00000148   Code   RO         3420    i.meter_cost_code_calculate  meter.o
    0x080049c8   0x080049c8   0x0000014c   Code   RO         3421    i.meter_current_code_calculate  meter.o
    0x08004b14   0x08004b14   0x000001cc   Code   RO         3422    i.meter_cut_code_calculate  meter.o
    0x08004ce0   0x08004ce0   0x00000068   Code   RO         3423    i.meter_cutoff      meter.o
    0x08004d48   0x08004d48   0x00000160   Code   RO         3425    i.meter_read_1997_value  meter.o
    0x08004ea8   0x08004ea8   0x00000048   Code   RO         3426    i.meter_read_all_value  meter.o
    0x08004ef0   0x08004ef0   0x000000b4   Code   RO         3427    i.meter_read_cost   meter.o
    0x08004fa4   0x08004fa4   0x000000c8   Code   RO         3428    i.meter_read_current  meter.o
    0x0800506c   0x0800506c   0x000000bc   Code   RO         3429    i.meter_read_voltage  meter.o
    0x08005128   0x08005128   0x00000adc   Code   RO         3631    i.meter_task        task.o
    0x08005c04   0x08005c04   0x0000014c   Code   RO         3430    i.meter_voltage_code_calculate  meter.o
    0x08005d50   0x08005d50   0x0000001e   Code   RO          211    i.mydelay_us        delay.o
    0x08005d6e   0x08005d6e   0x00000002   PAD
    0x08005d70   0x08005d70   0x000000e8   Code   RO         3355    i.nb_connect_cloud  nb.o
    0x08005e58   0x08005e58   0x0000064c   Code   RO         3359    i.nb_receive        nb.o
    0x080064a4   0x080064a4   0x000006b8   Code   RO         3360    i.nb_upload         nb.o
    0x08006b5c   0x08006b5c   0x00000298   Code   RO         3632    i.order_1_task      task.o
    0x08006df4   0x08006df4   0x00000700   Code   RO         3633    i.order_2_task      task.o
    0x080074f4   0x080074f4   0x0000002c   Code   RO         3634    i.order_3_task      task.o
    0x08007520   0x08007520   0x00000374   Code   RO         3635    i.order_4_task      task.o
    0x08007894   0x08007894   0x0000006c   Code   RO         3636    i.order_5_task      task.o
    0x08007900   0x08007900   0x000004e4   Code   RO         3637    i.order_6_task      task.o
    0x08007de4   0x08007de4   0x00000030   Code   RO         3638    i.order_7_task      task.o
    0x08007e14   0x08007e14   0x00000064   Code   RO         3640    i.order_task        task.o
    0x08007e78   0x08007e78   0x00000070   Code   RO         3431    i.pack_meter_value  meter.o
    0x08007ee8   0x08007ee8   0x00000234   Code   RO         3432    i.read_meter_addr   meter.o
    0x0800811c   0x0800811c   0x00000040   Code   RO         3361    i.scrambling        nb.o
    0x0800815c   0x0800815c   0x00000398   Code   RO         3823    i.setClock          clock.o
    0x080084f4   0x080084f4   0x000001e4   Code   RO         3854    i.setVersion        version.o
    0x080086d8   0x080086d8   0x00000036   Code   RO         3323    i.sys_init          init.o
    0x0800870e   0x0800870e   0x00000002   PAD
    0x08008710   0x08008710   0x000000b0   Code   RO          316    i.uart1_init        usart.o
    0x080087c0   0x080087c0   0x000000a8   Code   RO          317    i.uart2_init        usart.o
    0x08008868   0x08008868   0x0000009c   Code   RO          318    i.uart3_init        usart.o
    0x08008904   0x08008904   0x00000320   Code   RO         3824    i.updateTime        clock.o
    0x08008c24   0x08008c24   0x000000d4   Code   RO         3915    i.update_fre        fre.o
    0x08008cf8   0x08008cf8   0x00000470   Code   RO         3773    i.verify            encode.o
    0x08009168   0x08009168   0x00000240   Code   RO         3433    i.write_meter_addr  meter.o
    0x080093a8   0x080093a8   0x0000002c   Code   RO         4140    locale$$code        c_w.l(lc_numeric_c.o)
    0x080093d4   0x080093d4   0x0000002c   Code   RO         4161    locale$$code        c_w.l(lc_ctype_c.o)
    0x08009400   0x08009400   0x0000000a   Code   RO         4219    x$fpl$fpinit        fz_wm.l(fpinit.o)
    0x0800940a   0x0800940a   0x00000004   Code   RO         4070    x$fpl$printf1       fz_wm.l(printf1.o)
    0x0800940e   0x0800940e   0x00000000   Code   RO         4152    x$fpl$usenofp       fz_wm.l(usenofp.o)
    0x0800940e   0x0800940e   0x00000027   Data   RO          320    .constdata          usart.o
    0x08009435   0x08009435   0x00000003   PAD
    0x08009438   0x08009438   0x00000007   Data   RO         3436    .constdata          meter.o
    0x0800943f   0x0800943f   0x00000064   Data   RO         3774    .constdata          encode.o
    0x080094a3   0x080094a3   0x00000011   Data   RO         3985    .constdata          c_w.l(__printf_flags_ss_wp.o)
    0x080094b4   0x080094b4   0x00000008   Data   RO         4019    .constdata          c_w.l(_printf_wctomb.o)
    0x080094bc   0x080094bc   0x00000028   Data   RO         4048    .constdata          c_w.l(_printf_hex_int_ll_ptr.o)
    0x080094e4   0x080094e4   0x00000094   Data   RO         4115    .constdata          c_w.l(bigflt0.o)
    0x08009578   0x08009578   0x00000187   Data   RO         3363    .conststring        nb.o
    0x080096ff   0x080096ff   0x00000001   PAD
    0x08009700   0x08009700   0x00000007   Data   RO         3775    .conststring        encode.o
    0x08009707   0x08009707   0x00000001   PAD
    0x08009708   0x08009708   0x00000020   Data   RO         4283    Region$$Table       anon$$obj.o
    0x08009728   0x08009728   0x0000001c   Data   RO         4139    locale$$data        c_w.l(lc_numeric_c.o)
    0x08009744   0x08009744   0x00000110   Data   RO         4160    locale$$data        c_w.l(lc_ctype_c.o)


    Execution Region RW_IRAM1 (Exec base: 0x20000000, Load base: 0x08009854, Size: 0x000019b0, Max: 0x00008000, ABSOLUTE, COMPRESSED[0x000000c0])

    Exec Addr    Load Addr    Size         Type   Attr      Idx    E Section Name        Object

    0x20000000   COMPRESSED   0x00000098   Data   RW            5    .data               main.o
    0x20000098   COMPRESSED   0x00000004   Data   RW          212    .data               delay.o
    0x2000009c   COMPRESSED   0x00000014   Data   RW          321    .data               usart.o
    0x200000b0   COMPRESSED   0x00000030   Data   RW          856    .data               stm32f30x_rcc.o
    0x200000e0   COMPRESSED   0x00000008   Data   RW         3324    .data               init.o
    0x200000e8   COMPRESSED   0x00000088   Data   RW         3364    .data               nb.o
    0x20000170   COMPRESSED   0x00000008   Data   RW         3437    .data               meter.o
    0x20000178   COMPRESSED   0x00000006   Data   RW         3591    .data               timer.o
    0x2000017e   COMPRESSED   0x00000002   PAD
    0x20000180   COMPRESSED   0x00000008   Data   RW         3776    .data               encode.o
    0x20000188   COMPRESSED   0x00000004   Data   RW         3917    .data               fre.o
    0x2000018c        -       0x000004c4   Zero   RW            4    .bss                main.o
    0x20000650        -       0x00000384   Zero   RW          319    .bss                usart.o
    0x200009d4        -       0x00000800   Zero   RW          453    .bss                flash.o
    0x200011d4        -       0x000000d2   Zero   RW         3362    .bss                nb.o
    0x200012a6        -       0x00000096   Zero   RW         3435    .bss                meter.o
    0x2000133c        -       0x00000014   Zero   RW         3916    .bss                fre.o
    0x20001350        -       0x00000060   Zero   RW         4156    .bss                c_w.l(libspace.o)
    0x200013b0        -       0x00000200   Zero   RW          154    HEAP                startup_stm32f302xc.o
    0x200015b0        -       0x00000400   Zero   RW          153    STACK               startup_stm32f302xc.o


==============================================================================

Image component sizes


      Code (inc. data)   RO Data    RW Data    ZI Data      Debug   Object Name

       228          0          0          0          0       2047   adc.o
       440         22          0          0          0        820   alarm.o
      1720        116          0          0          0       2596   clock.o
      1116        260          0          0          0       3146   data.o
       222         12          0          4          0       2733   delay.o
      1136         50        107          8          0       2248   encode.o
        82          8          0          0          0       1653   exit.o
       364         16          0          0       2048       3909   flash.o
       360         36          0          4         20       2045   fre.o
       202         36          0          8          0       2172   init.o
       336         60          0          0          0       1870   ip.o
       222         12          0          0          0       1825   led.o
       208        102          0        152       1220     321110   main.o
      4364        528          7          8        150      14871   meter.o
       172         22          0          0          0      95801   misc.o
      3628        512        391        136        210       6906   nb.o
       286         14          0          0          0       3453   rtc.o
        64         26        392          0       1536        896   startup_stm32f302xc.o
       472         24          0          0          0       5396   stm32f30x_adc.o
        28          6          0          0          0        581   stm32f30x_exti.o
       290         36          0          0          0       3793   stm32f30x_flash.o
       252          0          0          0          0       3818   stm32f30x_gpio.o
        68         30          0          0          0       2778   stm32f30x_iwdg.o
        12          6          0          0          0        574   stm32f30x_pwr.o
      1596         62          0         48          0       8353   stm32f30x_rcc.o
      1066         82          0          0          0      10538   stm32f30x_rtc.o
       242         36          0          0          0       3962   stm32f30x_tim.o
       346         16          0          0          0       4979   stm32f30x_usart.o
       256         32          0          0          0       1597   system_stm32f30x.o
      7672       2046          0          0          0      11409   task.o
      1338        368          0          6          0       4491   timer.o
      1516        222         39         20        900      40819   usart.o
       792        114          0          0          0       2705   version.o
        44          0          0          0          0       1168   wdog.o

    ----------------------------------------------------------------------
     31162       4912        973        396       6084     577062   Object Totals
         0          0         32          0          0          0   (incl. Generated)
        22          0          5          2          0          0   (incl. Padding)

    ----------------------------------------------------------------------

      Code (inc. data)   RO Data    RW Data    ZI Data      Debug   Library Member Name

        24          4          0          0          0         84   __2printf.o
        90          0          0          0          0          0   __dczerorl2.o
         8          0          0          0          0         68   __main.o
       392          4         17          0          0         92   __printf_flags_ss_wp.o
        14          0          0          0          0         68   __printf_wp.o
         0          0          0          0          0          0   __rtentry.o
        12          0          0          0          0          0   __rtentry2.o
         6          0          0          0          0          0   __rtentry4.o
        52          8          0          0          0          0   __scatter.o
        28          0          0          0          0          0   __scatter_zi.o
         6          0          0          0          0          0   _printf_a.o
         6          0          0          0          0          0   _printf_c.o
        44          0          0          0          0        108   _printf_char.o
        48          6          0          0          0         96   _printf_char_common.o
        36          4          0          0          0         80   _printf_char_file.o
        40          0          0          0          0         68   _printf_charcount.o
         6          0          0          0          0          0   _printf_d.o
       120         16          0          0          0         92   _printf_dec.o
         6          0          0          0          0          0   _printf_e.o
         6          0          0          0          0          0   _printf_f.o
      1054          0          0          0          0        216   _printf_fp_dec.o
       128         16          0          0          0         84   _printf_fp_infnan.o
         6          0          0          0          0          0   _printf_g.o
       148          4         40          0          0        160   _printf_hex_int_ll_ptr.o
         6          0          0          0          0          0   _printf_i.o
       178          0          0          0          0         88   _printf_intcommon.o
        10          0          0          0          0          0   _printf_l.o
         6          0          0          0          0          0   _printf_lc.o
        10          0          0          0          0          0   _printf_ll.o
         6          0          0          0          0          0   _printf_lld.o
         6          0          0          0          0          0   _printf_lli.o
         6          0          0          0          0          0   _printf_llo.o
         6          0          0          0          0          0   _printf_llu.o
         6          0          0          0          0          0   _printf_llx.o
       124         16          0          0          0         92   _printf_longlong_dec.o
         6          0          0          0          0          0   _printf_ls.o
         6          0          0          0          0          0   _printf_n.o
         6          0          0          0          0          0   _printf_o.o
       112         10          0          0          0        124   _printf_oct_int_ll.o
         6          0          0          0          0          0   _printf_p.o
        78          0          0          0          0        108   _printf_pad.o
         0          0          0          0          0          0   _printf_percent.o
         4          0          0          0          0          0   _printf_percent_end.o
         6          0          0          0          0          0   _printf_s.o
        82          0          0          0          0         80   _printf_str.o
        36          0          0          0          0         84   _printf_truncate.o
         6          0          0          0          0          0   _printf_u.o
        44          0          0          0          0        108   _printf_wchar.o
       188          6          8          0          0         92   _printf_wctomb.o
         6          0          0          0          0          0   _printf_x.o
        64          0          0          0          0         92   _wcrtomb.o
       228          4        148          0          0         96   bigflt0.o
      1936        128          0          0          0        672   btod.o
        24          4          0          0          0         84   c89printf.o
        18          0          0          0          0         80   exit.o
         8          0          0          0          0         68   ferror.o
         6          0          0          0          0        152   heapauxi.o
        44         10        272          0          0         76   lc_ctype_c.o
        44         10         28          0          0         76   lc_numeric_c.o
         2          0          0          0          0          0   libinit.o
        34          0          0          0          0          0   libinit2.o
         2          0          0          0          0          0   libshutdown.o
         2          0          0          0          0          0   libshutdown2.o
         8          4          0          0         96         68   libspace.o
       138          0          0          0          0         80   lludiv10.o
        16          4          0          0          0         76   rt_ctype_table.o
         8          4          0          0          0         68   rt_locale_intlibspace.o
        68          0          0          0          0         68   rt_memclr.o
        78          0          0          0          0         80   rt_memclr_w.o
         2          0          0          0          0          0   rtexit.o
        10          0          0          0          0          0   rtexit2.o
       128          0          0          0          0         68   strcmpv7m.o
        62          0          0          0          0         76   strlen.o
        36          0          0          0          0         80   strstr.o
        74          0          0          0          0         80   sys_stackheap_outer.o
         2          0          0          0          0         68   use_no_semi.o
         2          0          0          0          0         68   use_no_semi_2.o
        10          0          0          0          0        116   fpinit.o
         4          0          0          0          0        116   printf1.o
         0          0          0          0          0          0   usenofp.o
        48          0          0          0          0        124   fpclassify.o

    ----------------------------------------------------------------------
      6348        262        513          0         96       4624   Library Totals
        12          0          0          0          0          0   (incl. Padding)

    ----------------------------------------------------------------------

      Code (inc. data)   RO Data    RW Data    ZI Data      Debug   Library Name

      6274        262        513          0         96       4268   c_w.l
        14          0          0          0          0        232   fz_wm.l
        48          0          0          0          0        124   m_wm.l

    ----------------------------------------------------------------------
      6348        262        513          0         96       4624   Library Totals

    ----------------------------------------------------------------------

==============================================================================


      Code (inc. data)   RO Data    RW Data    ZI Data      Debug   

     37510       5174       1486        396       6180     564546   Grand Totals
     37510       5174       1486        192       6180     564546   ELF Image Totals (compressed)
     37510       5174       1486        192          0          0   ROM Totals

==============================================================================

    Total RO  Size (Code + RO Data)                38996 (  38.08kB)
    Total RW  Size (RW Data + ZI Data)              6576 (   6.42kB)
    Total ROM Size (Code + RO Data + RW Data)      39188 (  38.27kB)

==============================================================================

